2023-09-01 17:37:54,878- root - INFO - 日志[info]2023-09-01 17:37:54 返回内容错误："ill_count":1
2023-09-07 10:24:40,897- root - INFO - 日志[info]2023-09-07 10:24:40 返回内容错误："retcode": "0"
2023-09-07 10:27:13,128- root - INFO - 日志[info]2023-09-07 10:27:13 返回内容错误："retcode": "0"
2023-09-07 10:32:20,174- root - INFO - 日志[info]2023-09-07 10:32:20 返回内容错误："success": true
2023-09-07 13:43:08,919- root - INFO - 日志[info]2023-09-07 13:43:08 返回状态码有误 200, 401
2023-09-07 13:43:09,124- root - INFO - 日志[info]2023-09-07 13:43:09 返回状态码有误 200, 401
2023-09-07 13:46:20,457- root - INFO - 日志[info]2023-09-07 13:46:20 返回内容错误："orgName": "一公司"
2023-09-07 13:46:20,850- root - INFO - 日志[info]2023-09-07 13:46:20 返回内容错误："orgName": "五公司"
2023-09-07 13:58:45,767- root - INFO - 日志[info]2023-09-07 13:58:45 返回状态码有误 200, 401
2023-09-07 14:04:08,283- root - INFO - 日志[info]2023-09-07 14:04:08 返回状态码有误 200, 401
2023-09-07 14:10:40,677- root - INFO - 日志[info]2023-09-07 14:10:40 返回状态码有误 200, 401
2023-09-07 14:13:46,611- root - INFO - 日志[info]2023-09-07 14:13:46 返回状态码有误 200, 401
2023-09-07 14:34:10,821- root - INFO - 日志[info]2023-09-07 14:34:10 返回状态码有误 200, 401
2023-09-07 14:36:21,270- root - INFO - 日志[info]2023-09-07 14:36:21 返回状态码有误 200, 401
2023-09-07 14:37:16,181- root - INFO - 日志[info]2023-09-07 14:37:16 返回状态码有误 200, 401
2023-09-07 14:37:49,573- root - INFO - 日志[info]2023-09-07 14:37:49 返回状态码有误 200, 401
2023-09-07 15:17:49,139- root - INFO - 日志[info]2023-09-07 15:17:49 返回状态码有误 200, 401
2023-09-07 16:19:19,190- root - INFO - 日志[info]2023-09-07 16:19:19 返回内容错误："success": true
2023-09-07 16:19:20,137- root - INFO - 日志[info]2023-09-07 16:19:20 返回内容错误："orgName": "一公司"
2023-09-07 16:19:20,181- root - INFO - 日志[info]2023-09-07 16:19:20 返回状态码有误 200, 401
2023-09-07 16:19:20,249- root - INFO - 日志[info]2023-09-07 16:19:20 返回状态码有误 200, 401
2023-09-07 16:19:20,318- root - INFO - 日志[info]2023-09-07 16:19:20 返回状态码有误 200, 401
2023-09-07 16:19:20,356- root - INFO - 日志[info]2023-09-07 16:19:20 返回状态码有误 200, 401
2023-09-07 16:30:41,750- root - INFO - 日志[info]2023-09-07 16:30:41 返回内容错误："success": true
2023-09-07 16:30:42,701- root - INFO - 日志[info]2023-09-07 16:30:42 返回内容错误："orgName": "一公司"
2023-09-07 16:30:42,803- root - INFO - 日志[info]2023-09-07 16:30:42 返回状态码有误 200, 401
2023-09-07 16:30:42,868- root - INFO - 日志[info]2023-09-07 16:30:42 返回状态码有误 200, 401
2023-09-07 16:30:42,934- root - INFO - 日志[info]2023-09-07 16:30:42 返回状态码有误 200, 401
2023-09-07 16:30:42,975- root - INFO - 日志[info]2023-09-07 16:30:42 返回状态码有误 200, 401
2023-09-07 16:59:45,519- root - INFO - 日志[info]2023-09-07 16:59:45 返回内容错误："retcode": "0"
2023-09-07 16:59:46,482- root - INFO - 日志[info]2023-09-07 16:59:46 返回状态码有误 200, 401
2023-09-07 16:59:46,529- root - INFO - 日志[info]2023-09-07 16:59:46 返回状态码有误 200, 401
2023-09-07 16:59:46,589- root - INFO - 日志[info]2023-09-07 16:59:46 返回状态码有误 200, 401
2023-09-07 16:59:46,651- root - INFO - 日志[info]2023-09-07 16:59:46 返回状态码有误 200, 401
2023-09-07 17:01:05,065- root - INFO - 日志[info]2023-09-07 17:01:05 返回内容错误："retcode": "0"
2023-09-07 17:04:08,918- root - INFO - 日志[info]2023-09-07 17:04:08 返回内容错误："retmsg": null
2023-09-07 17:05:02,462- root - INFO - 日志[info]2023-09-07 17:05:02 返回内容错误："retmsg": ""
2023-09-07 17:05:43,771- root - INFO - 日志[info]2023-09-07 17:05:43 返回内容错误："total": null
2023-09-07 17:14:22,800- root - INFO - 日志[info]2023-09-07 17:14:22 返回内容错误："total": null
2023-09-07 17:15:54,592- root - INFO - 日志[info]2023-09-07 17:15:54 返回内容错误："total": null
2023-09-07 17:17:22,943- root - INFO - 日志[info]2023-09-07 17:17:22 返回内容错误："retcode": "0"
2023-09-07 17:32:12,668- root - INFO - 日志[info]2023-09-07 17:32:12 返回内容错误："orgName":"一公司"
2023-09-08 14:31:42,989- root - INFO - 日志[info]2023-09-08 14:31:42 返回内容错误："retmsg": "操作成功"
2023-09-08 14:31:43,255- root - INFO - 日志[info]2023-09-08 14:31:43 返回状态码有误 200, 404
2023-09-08 14:33:43,356- root - INFO - 日志[info]2023-09-08 14:33:43 返回内容错误："retmsg": "操作成功"
2023-09-08 14:34:21,127- root - INFO - 日志[info]2023-09-08 14:34:21 返回内容错误："retmsg": "操作成功"
2023-09-08 14:34:21,329- root - INFO - 日志[info]2023-09-08 14:34:21 返回状态码有误 200, 404
2023-09-08 14:36:58,425- root - INFO - 日志[info]2023-09-08 14:36:58 返回内容错误："retmsg": "操作成功"
2023-09-08 14:47:15,958- root - INFO - 日志[info]2023-09-08 14:47:15 返回状态码有误 200, 404
2023-09-08 14:51:42,769- root - INFO - 日志[info]2023-09-08 14:51:42 返回状态码有误 200, 404
2023-09-08 14:53:23,982- root - INFO - 日志[info]2023-09-08 14:53:23 返回状态码有误 200, 404
2023-09-08 15:14:09,313- root - INFO - 日志[info]2023-09-08 15:14:09 返回内容错误："retmsg": "操作成功"
2023-09-08 15:16:51,975- root - INFO - 日志[info]2023-09-08 15:16:51 返回内容错误："empName": "顾秀玉"
2023-09-08 15:24:10,294- root - INFO - 日志[info]2023-09-08 15:24:10 返回内容错误："retmsg": "操作成功"
2023-09-12 14:39:15,942- root - INFO - 日志[info]2023-09-12 14:39:15 返回状态码有误 200, 401
2023-09-12 14:39:16,103- root - INFO - 日志[info]2023-09-12 14:39:16 返回状态码有误 200, 401
2023-09-12 14:39:16,169- root - INFO - 日志[info]2023-09-12 14:39:16 返回状态码有误 200, 401
2023-09-12 14:39:16,223- root - INFO - 日志[info]2023-09-12 14:39:16 返回状态码有误 200, 401
2023-09-12 14:39:16,774- root - INFO - 日志[info]2023-09-12 14:39:16 返回状态码有误 200, 401
2023-09-12 14:39:16,829- root - INFO - 日志[info]2023-09-12 14:39:16 返回状态码有误 200, 401
2023-09-12 14:39:16,900- root - INFO - 日志[info]2023-09-12 14:39:16 返回状态码有误 200, 401
2023-09-12 14:39:16,948- root - INFO - 日志[info]2023-09-12 14:39:16 返回状态码有误 200, 401
2023-09-12 14:39:16,992- root - INFO - 日志[info]2023-09-12 14:39:16 返回状态码有误 200, 401
2023-09-12 14:39:17,045- root - INFO - 日志[info]2023-09-12 14:39:17 返回状态码有误 200, 401
2023-09-12 14:39:17,113- root - INFO - 日志[info]2023-09-12 14:39:17 返回状态码有误 200, 401
2023-09-12 14:39:17,425- root - INFO - 日志[info]2023-09-12 14:39:17 返回状态码有误 200, 401
2023-09-12 14:39:17,488- root - INFO - 日志[info]2023-09-12 14:39:17 返回状态码有误 200, 401
2023-09-12 14:39:17,570- root - INFO - 日志[info]2023-09-12 14:39:17 返回状态码有误 200, 401
2023-09-12 14:39:17,617- root - INFO - 日志[info]2023-09-12 14:39:17 返回状态码有误 200, 401
2023-09-12 14:39:17,685- root - INFO - 日志[info]2023-09-12 14:39:17 返回状态码有误 200, 401
2023-09-12 14:39:17,751- root - INFO - 日志[info]2023-09-12 14:39:17 返回状态码有误 200, 401
2023-09-12 14:39:17,812- root - INFO - 日志[info]2023-09-12 14:39:17 返回状态码有误 200, 401
2023-09-12 14:39:17,868- root - INFO - 日志[info]2023-09-12 14:39:17 返回状态码有误 200, 401
2023-09-12 14:39:17,935- root - INFO - 日志[info]2023-09-12 14:39:17 返回状态码有误 200, 401
2023-09-13 11:06:44,124- root - INFO - 日志[info]2023-09-13 11:06:44 返回状态码有误 200, 404
2023-09-13 11:14:20,790- root - INFO - 日志[info]2023-09-13 11:14:20 返回状态码有误 200, 404
2023-09-13 11:16:09,185- root - INFO - 日志[info]2023-09-13 11:16:09 返回内容错误："retmsg":"操作成功"
2023-09-14 10:57:38,803- root - INFO - 日志[info]2023-09-14 10:57:38 返回内容错误："id": 30
2023-09-18 10:07:48,837- root - INFO - 日志[info]2023-09-18 10:07:48 返回内容错误："retcode": "0"
2023-09-21 15:02:39,401- root - INFO - 日志[info]2023-09-21 15:02:39 返回内容错误："retmsg":"操作成功"
2023-09-21 15:04:58,250- root - INFO - 日志[info]2023-09-21 15:04:58 返回内容错误："positionName":"环丁路公交站"
2023-09-21 15:11:50,742- root - INFO - 日志[info]2023-09-21 15:11:50 返回内容错误："positionName":"环丁路公交站"
2023-09-21 15:15:10,664- root - INFO - 日志[info]2023-09-21 15:15:10 返回内容错误："positionName":"环丁路公交站"
2023-09-21 15:56:43,449- root - INFO - 日志[info]2023-09-21 15:56:43 返回内容错误："positionName":"环丁路公交站"
2023-09-21 16:00:08,572- root - INFO - 日志[info]2023-09-21 16:00:08 返回内容错误："positionName":"环丁路公交站"
2023-09-25 17:32:55,994- root - INFO - 日志[info]2023-09-25 17:32:55 返回内容错误："orgName":"一公司"
2023-10-09 10:16:58,883- root - INFO - 日志[info]2023-10-09 10:16:58 返回内容错误："retmsg":"模板名称重复"
2023-10-09 10:16:59,485- root - INFO - 日志[info]2023-10-09 10:16:59 返回内容错误："retmsg":"日志下载对象不存在"
2023-10-09 10:17:00,278- root - INFO - 日志[info]2023-10-09 10:17:00 返回状态码有误 200, 401
2023-10-09 10:17:00,426- root - INFO - 日志[info]2023-10-09 10:17:00 返回状态码有误 200, 401
2023-10-09 10:32:06,847- root - INFO - 日志[info]2023-10-09 10:32:06 返回内容错误："retcode":"40001"
2023-10-09 10:32:07,598- root - INFO - 日志[info]2023-10-09 10:32:07 返回状态码有误 200, 401
2023-10-09 10:32:07,737- root - INFO - 日志[info]2023-10-09 10:32:07 返回状态码有误 200, 401
2023-10-09 10:36:36,403- root - INFO - 日志[info]2023-10-09 10:36:36 返回内容错误："retmsg":"日志下载对象不存在"
2023-10-09 10:36:37,352- root - INFO - 日志[info]2023-10-09 10:36:37 返回状态码有误 200, 401
2023-10-09 10:36:37,474- root - INFO - 日志[info]2023-10-09 10:36:37 返回状态码有误 200, 401
2023-10-10 17:52:09,856- root - INFO - 日志[info]2023-10-10 17:52:09 返回内容错误："retmsg":"无排班记录"
2023-10-10 17:52:46,212- root - INFO - 日志[info]2023-10-10 17:52:46 返回状态码有误 200, 415
2023-10-12 17:32:19,327- root - INFO - 日志[info]2023-10-12 17:32:19 返回状态码有误 200, 401
2023-10-12 17:32:19,474- root - INFO - 日志[info]2023-10-12 17:32:19 返回状态码有误 200, 401
2023-10-12 17:32:19,536- root - INFO - 日志[info]2023-10-12 17:32:19 返回状态码有误 200, 401
2023-10-12 17:32:19,601- root - INFO - 日志[info]2023-10-12 17:32:19 返回状态码有误 200, 401
2023-10-12 17:32:19,646- root - INFO - 日志[info]2023-10-12 17:32:19 返回状态码有误 200, 401
2023-10-12 17:32:19,688- root - INFO - 日志[info]2023-10-12 17:32:19 返回状态码有误 200, 401
2023-10-12 17:32:19,732- root - INFO - 日志[info]2023-10-12 17:32:19 返回状态码有误 200, 401
2023-10-12 17:32:19,776- root - INFO - 日志[info]2023-10-12 17:32:19 返回状态码有误 200, 401
2023-10-12 17:32:19,829- root - INFO - 日志[info]2023-10-12 17:32:19 返回状态码有误 200, 401
2023-10-12 17:32:19,875- root - INFO - 日志[info]2023-10-12 17:32:19 返回状态码有误 200, 401
2023-10-12 17:32:19,916- root - INFO - 日志[info]2023-10-12 17:32:19 返回状态码有误 200, 401
2023-10-12 17:32:19,961- root - INFO - 日志[info]2023-10-12 17:32:19 返回状态码有误 200, 401
2023-10-12 17:32:20,004- root - INFO - 日志[info]2023-10-12 17:32:20 返回状态码有误 200, 401
2023-10-12 17:32:20,064- root - INFO - 日志[info]2023-10-12 17:32:20 返回状态码有误 200, 401
2023-10-12 17:32:20,128- root - INFO - 日志[info]2023-10-12 17:32:20 返回状态码有误 200, 401
2023-10-12 17:32:20,190- root - INFO - 日志[info]2023-10-12 17:32:20 返回状态码有误 200, 401
2023-10-12 17:32:20,250- root - INFO - 日志[info]2023-10-12 17:32:20 返回状态码有误 200, 401
2023-10-12 17:32:20,316- root - INFO - 日志[info]2023-10-12 17:32:20 返回状态码有误 200, 401
2023-10-12 17:32:20,374- root - INFO - 日志[info]2023-10-12 17:32:20 返回状态码有误 200, 401
2023-10-12 17:32:20,437- root - INFO - 日志[info]2023-10-12 17:32:20 返回状态码有误 200, 401
2023-10-12 17:32:20,479- root - INFO - 日志[info]2023-10-12 17:32:20 返回状态码有误 200, 401
2023-10-12 17:32:20,523- root - INFO - 日志[info]2023-10-12 17:32:20 返回状态码有误 200, 401
2023-10-12 17:32:20,579- root - INFO - 日志[info]2023-10-12 17:32:20 返回状态码有误 200, 401
2023-10-12 17:32:20,679- root - INFO - 日志[info]2023-10-12 17:32:20 返回状态码有误 200, 401
2023-10-12 17:32:20,751- root - INFO - 日志[info]2023-10-12 17:32:20 返回状态码有误 200, 401
2023-10-12 17:32:20,816- root - INFO - 日志[info]2023-10-12 17:32:20 返回状态码有误 200, 401
2023-10-12 17:32:20,874- root - INFO - 日志[info]2023-10-12 17:32:20 返回状态码有误 200, 401
2023-10-12 17:32:20,914- root - INFO - 日志[info]2023-10-12 17:32:20 返回状态码有误 200, 401
2023-10-12 17:32:20,977- root - INFO - 日志[info]2023-10-12 17:32:20 返回状态码有误 200, 401
2023-10-12 17:32:21,339- root - INFO - 日志[info]2023-10-12 17:32:21 返回内容错误："emp_job_id":"93000225"
2023-10-12 17:32:21,388- root - INFO - 日志[info]2023-10-12 17:32:21 返回状态码有误 200, 401
2023-10-12 17:32:21,449- root - INFO - 日志[info]2023-10-12 17:32:21 返回状态码有误 200, 401
2023-10-12 17:32:21,492- root - INFO - 日志[info]2023-10-12 17:32:21 返回状态码有误 200, 401
2023-10-12 17:32:21,536- root - INFO - 日志[info]2023-10-12 17:32:21 返回状态码有误 200, 401
2023-10-12 17:32:21,579- root - INFO - 日志[info]2023-10-12 17:32:21 返回状态码有误 200, 401
2023-10-12 17:32:21,626- root - INFO - 日志[info]2023-10-12 17:32:21 返回状态码有误 200, 401
2023-10-12 17:32:21,669- root - INFO - 日志[info]2023-10-12 17:32:21 返回状态码有误 200, 401
2023-10-12 17:32:21,779- root - INFO - 日志[info]2023-10-12 17:32:21 返回状态码有误 200, 401
2023-10-12 17:32:21,823- root - INFO - 日志[info]2023-10-12 17:32:21 返回状态码有误 200, 401
2023-10-12 17:32:21,883- root - INFO - 日志[info]2023-10-12 17:32:21 返回状态码有误 200, 401
2023-10-12 17:32:21,948- root - INFO - 日志[info]2023-10-12 17:32:21 返回状态码有误 200, 401
2023-10-12 17:32:21,990- root - INFO - 日志[info]2023-10-12 17:32:21 返回状态码有误 200, 401
2023-10-12 17:32:22,053- root - INFO - 日志[info]2023-10-12 17:32:22 返回状态码有误 200, 401
2023-10-12 17:32:22,096- root - INFO - 日志[info]2023-10-12 17:32:22 返回状态码有误 200, 401
2023-10-12 17:32:22,164- root - INFO - 日志[info]2023-10-12 17:32:22 返回状态码有误 200, 401
2023-10-12 17:32:22,228- root - INFO - 日志[info]2023-10-12 17:32:22 返回状态码有误 200, 401
2023-10-12 17:32:22,290- root - INFO - 日志[info]2023-10-12 17:32:22 返回状态码有误 200, 401
2023-10-12 17:32:22,351- root - INFO - 日志[info]2023-10-12 17:32:22 返回状态码有误 200, 401
2023-10-12 17:32:22,443- root - INFO - 日志[info]2023-10-12 17:32:22 返回状态码有误 200, 401
2023-10-12 17:32:22,511- root - INFO - 日志[info]2023-10-12 17:32:22 返回状态码有误 200, 401
2023-10-12 17:32:22,556- root - INFO - 日志[info]2023-10-12 17:32:22 返回状态码有误 200, 401
2023-10-12 17:32:22,597- root - INFO - 日志[info]2023-10-12 17:32:22 返回状态码有误 200, 401
2023-10-12 17:32:22,657- root - INFO - 日志[info]2023-10-12 17:32:22 返回状态码有误 200, 401
2023-10-12 17:32:22,724- root - INFO - 日志[info]2023-10-12 17:32:22 返回状态码有误 200, 401
2023-10-12 17:32:22,772- root - INFO - 日志[info]2023-10-12 17:32:22 返回状态码有误 200, 401
2023-10-12 17:32:22,815- root - INFO - 日志[info]2023-10-12 17:32:22 返回状态码有误 200, 401
2023-10-12 17:32:22,876- root - INFO - 日志[info]2023-10-12 17:32:22 返回状态码有误 200, 401
2023-10-12 17:32:22,946- root - INFO - 日志[info]2023-10-12 17:32:22 返回状态码有误 200, 401
2023-10-12 17:32:23,018- root - INFO - 日志[info]2023-10-12 17:32:23 返回状态码有误 200, 401
2023-10-12 17:32:23,077- root - INFO - 日志[info]2023-10-12 17:32:23 返回状态码有误 200, 401
2023-10-12 17:32:23,148- root - INFO - 日志[info]2023-10-12 17:32:23 返回状态码有误 200, 401
2023-10-12 17:32:23,203- root - INFO - 日志[info]2023-10-12 17:32:23 返回状态码有误 200, 401
2023-10-12 17:32:23,244- root - INFO - 日志[info]2023-10-12 17:32:23 返回状态码有误 200, 401
2023-10-12 17:32:23,289- root - INFO - 日志[info]2023-10-12 17:32:23 返回状态码有误 200, 401
2023-10-12 17:32:23,331- root - INFO - 日志[info]2023-10-12 17:32:23 返回状态码有误 200, 401
2023-10-12 17:32:23,396- root - INFO - 日志[info]2023-10-12 17:32:23 返回状态码有误 200, 401
2023-10-12 17:32:23,454- root - INFO - 日志[info]2023-10-12 17:32:23 返回状态码有误 200, 401
2023-10-12 17:32:23,496- root - INFO - 日志[info]2023-10-12 17:32:23 返回状态码有误 200, 401
2023-10-12 17:32:23,541- root - INFO - 日志[info]2023-10-12 17:32:23 返回状态码有误 200, 401
2023-10-12 17:32:23,747- root - INFO - 日志[info]2023-10-12 17:32:23 返回状态码有误 200, 401
2023-10-12 17:32:23,789- root - INFO - 日志[info]2023-10-12 17:32:23 返回状态码有误 200, 401
2023-10-12 17:32:23,832- root - INFO - 日志[info]2023-10-12 17:32:23 返回状态码有误 200, 401
2023-10-12 17:32:23,874- root - INFO - 日志[info]2023-10-12 17:32:23 返回状态码有误 200, 401
2023-10-12 17:32:23,917- root - INFO - 日志[info]2023-10-12 17:32:23 返回状态码有误 200, 401
2023-10-12 17:32:23,965- root - INFO - 日志[info]2023-10-12 17:32:23 返回状态码有误 200, 401
2023-10-12 17:32:24,029- root - INFO - 日志[info]2023-10-12 17:32:24 返回状态码有误 200, 401
2023-10-12 17:32:24,091- root - INFO - 日志[info]2023-10-12 17:32:24 返回状态码有误 200, 401
2023-10-12 17:32:24,144- root - INFO - 日志[info]2023-10-12 17:32:24 返回状态码有误 200, 401
2023-10-12 17:32:24,189- root - INFO - 日志[info]2023-10-12 17:32:24 返回状态码有误 200, 401
2023-10-12 17:32:24,253- root - INFO - 日志[info]2023-10-12 17:32:24 返回状态码有误 200, 401
2023-10-12 17:32:24,319- root - INFO - 日志[info]2023-10-12 17:32:24 返回状态码有误 200, 401
2023-10-12 17:32:24,394- root - INFO - 日志[info]2023-10-12 17:32:24 返回状态码有误 200, 401
2023-10-12 17:32:24,521- root - INFO - 日志[info]2023-10-12 17:32:24 返回状态码有误 200, 401
2023-10-12 17:32:24,606- root - INFO - 日志[info]2023-10-12 17:32:24 返回状态码有误 200, 401
2023-10-12 17:32:24,669- root - INFO - 日志[info]2023-10-12 17:32:24 返回状态码有误 200, 401
2023-10-12 17:32:24,713- root - INFO - 日志[info]2023-10-12 17:32:24 返回状态码有误 200, 401
2023-10-12 17:32:24,775- root - INFO - 日志[info]2023-10-12 17:32:24 返回状态码有误 200, 401
2023-10-12 17:32:24,844- root - INFO - 日志[info]2023-10-12 17:32:24 返回状态码有误 200, 401
2023-10-12 17:32:24,902- root - INFO - 日志[info]2023-10-12 17:32:24 返回状态码有误 200, 401
2023-10-12 17:32:24,978- root - INFO - 日志[info]2023-10-12 17:32:24 返回状态码有误 200, 401
2023-10-12 17:32:25,045- root - INFO - 日志[info]2023-10-12 17:32:25 返回状态码有误 200, 401
2023-10-12 17:32:25,104- root - INFO - 日志[info]2023-10-12 17:32:25 返回状态码有误 200, 401
2023-10-12 17:32:25,345- root - INFO - 日志[info]2023-10-12 17:32:25 返回状态码有误 200, 401
2023-10-12 17:32:25,404- root - INFO - 日志[info]2023-10-12 17:32:25 返回状态码有误 200, 401
2023-10-12 17:32:25,449- root - INFO - 日志[info]2023-10-12 17:32:25 返回状态码有误 200, 401
2023-10-12 17:32:25,492- root - INFO - 日志[info]2023-10-12 17:32:25 返回状态码有误 200, 401
2023-10-12 17:32:25,566- root - INFO - 日志[info]2023-10-12 17:32:25 返回状态码有误 200, 401
2023-10-12 17:32:25,636- root - INFO - 日志[info]2023-10-12 17:32:25 返回状态码有误 200, 401
2023-10-12 17:32:25,683- root - INFO - 日志[info]2023-10-12 17:32:25 返回状态码有误 200, 401
2023-10-12 17:32:25,749- root - INFO - 日志[info]2023-10-12 17:32:25 返回状态码有误 200, 401
2023-10-12 17:32:25,810- root - INFO - 日志[info]2023-10-12 17:32:25 返回状态码有误 200, 401
2023-10-12 17:32:25,870- root - INFO - 日志[info]2023-10-12 17:32:25 返回状态码有误 200, 401
2023-10-12 17:32:25,933- root - INFO - 日志[info]2023-10-12 17:32:25 返回状态码有误 200, 401
2023-10-12 17:32:26,002- root - INFO - 日志[info]2023-10-12 17:32:26 返回状态码有误 200, 401
2023-10-12 17:32:26,072- root - INFO - 日志[info]2023-10-12 17:32:26 返回状态码有误 200, 401
2023-10-12 17:32:26,111- root - INFO - 日志[info]2023-10-12 17:32:26 返回状态码有误 200, 401
2023-10-12 17:32:26,190- root - INFO - 日志[info]2023-10-12 17:32:26 返回状态码有误 200, 401
2023-10-12 17:32:26,241- root - INFO - 日志[info]2023-10-12 17:32:26 返回状态码有误 200, 401
2023-10-12 17:32:26,307- root - INFO - 日志[info]2023-10-12 17:32:26 返回状态码有误 200, 401
2023-10-12 17:32:26,371- root - INFO - 日志[info]2023-10-12 17:32:26 返回状态码有误 200, 401
2023-10-12 17:32:26,433- root - INFO - 日志[info]2023-10-12 17:32:26 返回状态码有误 200, 401
2023-10-12 17:32:26,498- root - INFO - 日志[info]2023-10-12 17:32:26 返回状态码有误 200, 401
2023-10-12 17:32:26,557- root - INFO - 日志[info]2023-10-12 17:32:26 返回状态码有误 200, 401
2023-10-12 17:32:26,599- root - INFO - 日志[info]2023-10-12 17:32:26 返回状态码有误 200, 401
2023-10-12 17:32:26,667- root - INFO - 日志[info]2023-10-12 17:32:26 返回状态码有误 200, 401
2023-10-12 17:32:26,732- root - INFO - 日志[info]2023-10-12 17:32:26 返回状态码有误 200, 401
2023-10-12 17:32:26,797- root - INFO - 日志[info]2023-10-12 17:32:26 返回状态码有误 200, 401
2023-10-12 17:32:26,872- root - INFO - 日志[info]2023-10-12 17:32:26 返回状态码有误 200, 401
2023-10-12 17:32:27,189- root - INFO - 日志[info]2023-10-12 17:32:27 返回状态码有误 200, 401
2023-10-12 17:42:59,032- root - INFO - 日志[info]2023-10-12 17:42:59 返回内容错误："emp_job_id":"93000225"
2023-10-12 17:43:53,626- root - INFO - 日志[info]2023-10-12 17:43:53 返回状态码有误 200, 500
2023-10-12 17:56:04,434- root - INFO - 日志[info]2023-10-12 17:56:04 返回内容错误："retmsg":"操作成功"
2023-10-12 17:56:15,251- root - INFO - 日志[info]2023-10-12 17:56:15 返回内容错误："retmsg":"操作成功"
2023-10-12 17:56:53,527- root - INFO - 日志[info]2023-10-12 17:56:53 返回状态码有误 200, 500
2023-10-25 13:59:02,816- root - INFO - 日志[info]2023-10-25 13:59:02 返回状态码有误 200, 500
2023-10-27 14:02:53,698- root - INFO - 日志[info]2023-10-27 14:02:53 返回状态码有误 200, 400
2023-10-27 14:02:54,459- root - INFO - 日志[info]2023-10-27 14:02:54 返回内容错误："retmsg":"站点不存在!"
2023-10-27 14:02:58,127- root - INFO - 日志[info]2023-10-27 14:02:58 返回内容错误："retmsg":"解绑失败"
2023-10-27 14:02:58,901- root - INFO - 日志[info]2023-10-27 14:02:58 返回状态码有误 200, 500
2023-10-27 14:02:59,139- root - INFO - 日志[info]2023-10-27 14:02:59 返回状态码有误 200, 500
2023-10-27 14:02:59,686- root - INFO - 日志[info]2023-10-27 14:02:59 返回内容错误："retmsg":"设备编号不存在"
2023-10-27 14:03:00,445- root - INFO - 日志[info]2023-10-27 14:03:00 返回状态码有误 200, 500
2023-10-27 14:03:02,655- root - INFO - 日志[info]2023-10-27 14:03:02 返回内容错误："job_id":"90179035"
2023-10-27 14:03:10,006- root - INFO - 日志[info]2023-10-27 14:03:10 返回内容错误："id":30
2023-10-27 14:03:14,391- root - INFO - 日志[info]2023-10-27 14:03:14 返回内容错误："retmsg":"操作成功"
2023-11-07 15:34:30,962- root - INFO - 日志[info]2023-11-07 15:34:30 返回状态码有误 200, 500
2023-11-07 15:34:31,415- root - INFO - 日志[info]2023-11-07 15:34:31 返回状态码有误 200, 500
2023-11-07 15:34:34,041- root - INFO - 日志[info]2023-11-07 15:34:34 返回状态码有误 200, 500
2023-11-23 15:03:22,752- root - INFO - 日志[info]2023-11-23 15:03:22 返回内容错误："success":false
2023-11-23 15:04:06,804- root - INFO - 日志[info]2023-11-23 15:04:06 返回状态码有误 200, 500
2023-12-26 16:31:08,951- root - INFO - 日志[info]2023-12-26 16:31:08 返回状态码有误 200.0, 500
2023-12-26 16:54:47,053- root - INFO - 日志[info]2023-12-26 16:54:47 返回状态码有误 200.0, 401
2023-12-26 17:35:01,940- root - INFO - 日志[info]2023-12-26 17:35:01 返回状态码有误 200.0, 503
2023-12-26 17:35:02,024- root - INFO - 日志[info]2023-12-26 17:35:02 返回状态码有误 200.0, 503
2023-12-26 17:35:02,136- root - INFO - 日志[info]2023-12-26 17:35:02 返回状态码有误 200.0, 503
2023-12-26 17:35:02,236- root - INFO - 日志[info]2023-12-26 17:35:02 返回状态码有误 200.0, 503
2023-12-26 17:35:02,303- root - INFO - 日志[info]2023-12-26 17:35:02 返回状态码有误 200.0, 503
2023-12-26 17:35:02,411- root - INFO - 日志[info]2023-12-26 17:35:02 返回状态码有误 200.0, 503
2023-12-26 17:35:02,501- root - INFO - 日志[info]2023-12-26 17:35:02 返回状态码有误 200.0, 503
2023-12-26 17:35:02,579- root - INFO - 日志[info]2023-12-26 17:35:02 返回状态码有误 200.0, 503
2023-12-26 17:35:02,648- root - INFO - 日志[info]2023-12-26 17:35:02 返回状态码有误 200.0, 503
2023-12-26 17:35:02,780- root - INFO - 日志[info]2023-12-26 17:35:02 返回状态码有误 200.0, 503
2023-12-26 17:35:02,871- root - INFO - 日志[info]2023-12-26 17:35:02 返回状态码有误 200.0, 503
2023-12-26 17:35:02,965- root - INFO - 日志[info]2023-12-26 17:35:02 返回状态码有误 200.0, 503
2023-12-26 17:35:03,086- root - INFO - 日志[info]2023-12-26 17:35:03 返回状态码有误 200.0, 503
2023-12-26 17:35:03,163- root - INFO - 日志[info]2023-12-26 17:35:03 返回状态码有误 200.0, 503
2023-12-26 17:35:03,249- root - INFO - 日志[info]2023-12-26 17:35:03 返回状态码有误 200.0, 503
2023-12-26 17:35:03,341- root - INFO - 日志[info]2023-12-26 17:35:03 返回状态码有误 200.0, 503
2023-12-26 17:35:03,432- root - INFO - 日志[info]2023-12-26 17:35:03 返回状态码有误 200.0, 503
2023-12-26 17:35:03,533- root - INFO - 日志[info]2023-12-26 17:35:03 返回状态码有误 200.0, 503
2023-12-26 17:35:03,676- root - INFO - 日志[info]2023-12-26 17:35:03 返回状态码有误 200.0, 503
2023-12-26 17:35:03,751- root - INFO - 日志[info]2023-12-26 17:35:03 返回状态码有误 200.0, 503
2023-12-26 17:35:03,855- root - INFO - 日志[info]2023-12-26 17:35:03 返回状态码有误 200.0, 503
2023-12-26 17:35:03,937- root - INFO - 日志[info]2023-12-26 17:35:03 返回状态码有误 200.0, 503
2023-12-26 17:35:04,007- root - INFO - 日志[info]2023-12-26 17:35:04 返回状态码有误 200.0, 503
2023-12-26 17:35:04,128- root - INFO - 日志[info]2023-12-26 17:35:04 返回状态码有误 200.0, 503
2023-12-26 17:35:04,195- root - INFO - 日志[info]2023-12-26 17:35:04 返回状态码有误 200.0, 503
2023-12-26 17:35:04,287- root - INFO - 日志[info]2023-12-26 17:35:04 返回状态码有误 200.0, 503
2023-12-26 17:35:04,395- root - INFO - 日志[info]2023-12-26 17:35:04 返回状态码有误 200.0, 503
2023-12-26 17:35:04,502- root - INFO - 日志[info]2023-12-26 17:35:04 返回状态码有误 200.0, 503
2023-12-26 17:35:04,606- root - INFO - 日志[info]2023-12-26 17:35:04 返回状态码有误 200.0, 503
2023-12-26 17:35:04,672- root - INFO - 日志[info]2023-12-26 17:35:04 返回状态码有误 200.0, 503
2023-12-26 17:35:04,740- root - INFO - 日志[info]2023-12-26 17:35:04 返回状态码有误 200.0, 503
2023-12-26 17:35:04,842- root - INFO - 日志[info]2023-12-26 17:35:04 返回状态码有误 200.0, 503
2023-12-26 17:35:04,905- root - INFO - 日志[info]2023-12-26 17:35:04 返回状态码有误 200.0, 503
2023-12-26 17:35:04,983- root - INFO - 日志[info]2023-12-26 17:35:04 返回状态码有误 200.0, 503
2023-12-26 17:35:05,057- root - INFO - 日志[info]2023-12-26 17:35:05 返回状态码有误 200.0, 503
2023-12-26 17:35:05,140- root - INFO - 日志[info]2023-12-26 17:35:05 返回状态码有误 200.0, 503
2023-12-26 17:35:05,223- root - INFO - 日志[info]2023-12-26 17:35:05 返回状态码有误 200.0, 503
2023-12-26 17:35:05,312- root - INFO - 日志[info]2023-12-26 17:35:05 返回状态码有误 200.0, 503
2023-12-26 17:35:05,395- root - INFO - 日志[info]2023-12-26 17:35:05 返回状态码有误 200.0, 503
2023-12-26 17:35:05,466- root - INFO - 日志[info]2023-12-26 17:35:05 返回状态码有误 200.0, 503
2023-12-26 17:35:05,550- root - INFO - 日志[info]2023-12-26 17:35:05 返回状态码有误 200.0, 503
2023-12-26 17:35:05,624- root - INFO - 日志[info]2023-12-26 17:35:05 返回状态码有误 200.0, 503
2023-12-26 17:35:05,683- root - INFO - 日志[info]2023-12-26 17:35:05 返回状态码有误 200.0, 503
2023-12-26 17:35:05,741- root - INFO - 日志[info]2023-12-26 17:35:05 返回状态码有误 200.0, 503
2023-12-26 17:35:05,812- root - INFO - 日志[info]2023-12-26 17:35:05 返回状态码有误 200.0, 503
2023-12-26 17:35:05,877- root - INFO - 日志[info]2023-12-26 17:35:05 返回状态码有误 200.0, 503
2023-12-26 17:35:05,948- root - INFO - 日志[info]2023-12-26 17:35:05 返回状态码有误 200.0, 503
2023-12-26 17:35:06,046- root - INFO - 日志[info]2023-12-26 17:35:06 返回状态码有误 200.0, 503
2023-12-26 17:35:06,118- root - INFO - 日志[info]2023-12-26 17:35:06 返回状态码有误 200.0, 503
2023-12-26 17:35:06,179- root - INFO - 日志[info]2023-12-26 17:35:06 返回状态码有误 200.0, 503
2023-12-26 17:35:06,243- root - INFO - 日志[info]2023-12-26 17:35:06 返回状态码有误 200.0, 503
2023-12-26 17:35:06,368- root - INFO - 日志[info]2023-12-26 17:35:06 返回状态码有误 200.0, 503
2023-12-26 17:35:06,474- root - INFO - 日志[info]2023-12-26 17:35:06 返回状态码有误 200.0, 503
2023-12-26 17:35:06,564- root - INFO - 日志[info]2023-12-26 17:35:06 返回状态码有误 200.0, 503
2023-12-26 17:35:06,632- root - INFO - 日志[info]2023-12-26 17:35:06 返回状态码有误 200.0, 503
2023-12-26 17:35:06,714- root - INFO - 日志[info]2023-12-26 17:35:06 返回状态码有误 200.0, 503
2023-12-26 17:35:06,788- root - INFO - 日志[info]2023-12-26 17:35:06 返回状态码有误 200.0, 503
2023-12-26 17:35:06,875- root - INFO - 日志[info]2023-12-26 17:35:06 返回状态码有误 200.0, 503
2023-12-26 17:35:06,938- root - INFO - 日志[info]2023-12-26 17:35:06 返回状态码有误 200.0, 503
2023-12-26 17:35:07,002- root - INFO - 日志[info]2023-12-26 17:35:07 返回状态码有误 200.0, 503
2023-12-26 17:35:07,106- root - INFO - 日志[info]2023-12-26 17:35:07 返回状态码有误 200.0, 503
2023-12-26 17:35:07,190- root - INFO - 日志[info]2023-12-26 17:35:07 返回状态码有误 200.0, 503
2023-12-26 17:35:07,268- root - INFO - 日志[info]2023-12-26 17:35:07 返回状态码有误 200.0, 503
2023-12-26 17:35:07,383- root - INFO - 日志[info]2023-12-26 17:35:07 返回状态码有误 200.0, 503
2023-12-26 17:35:07,477- root - INFO - 日志[info]2023-12-26 17:35:07 返回状态码有误 200.0, 503
2023-12-26 17:35:07,545- root - INFO - 日志[info]2023-12-26 17:35:07 返回状态码有误 200.0, 503
2023-12-26 17:35:07,619- root - INFO - 日志[info]2023-12-26 17:35:07 返回状态码有误 200.0, 503
2023-12-26 17:35:07,689- root - INFO - 日志[info]2023-12-26 17:35:07 返回状态码有误 200.0, 503
2023-12-26 17:35:07,768- root - INFO - 日志[info]2023-12-26 17:35:07 返回状态码有误 200.0, 503
2023-12-26 17:35:07,846- root - INFO - 日志[info]2023-12-26 17:35:07 返回状态码有误 200.0, 503
2023-12-26 17:35:07,928- root - INFO - 日志[info]2023-12-26 17:35:07 返回状态码有误 200.0, 503
2023-12-26 17:35:08,013- root - INFO - 日志[info]2023-12-26 17:35:08 返回状态码有误 200.0, 503
2023-12-26 17:35:08,106- root - INFO - 日志[info]2023-12-26 17:35:08 返回状态码有误 200.0, 503
2023-12-26 17:35:08,210- root - INFO - 日志[info]2023-12-26 17:35:08 返回状态码有误 200.0, 503
2023-12-26 17:35:08,281- root - INFO - 日志[info]2023-12-26 17:35:08 返回状态码有误 200.0, 503
2023-12-26 17:35:08,375- root - INFO - 日志[info]2023-12-26 17:35:08 返回状态码有误 200.0, 503
2023-12-26 17:35:08,458- root - INFO - 日志[info]2023-12-26 17:35:08 返回状态码有误 200.0, 503
2023-12-26 17:35:08,551- root - INFO - 日志[info]2023-12-26 17:35:08 返回状态码有误 200.0, 503
2023-12-26 17:35:08,609- root - INFO - 日志[info]2023-12-26 17:35:08 返回状态码有误 200.0, 503
2023-12-26 17:35:08,696- root - INFO - 日志[info]2023-12-26 17:35:08 返回状态码有误 200.0, 503
2023-12-26 17:35:08,774- root - INFO - 日志[info]2023-12-26 17:35:08 返回状态码有误 200.0, 503
2023-12-26 17:35:08,885- root - INFO - 日志[info]2023-12-26 17:35:08 返回状态码有误 200.0, 503
2023-12-26 17:35:08,964- root - INFO - 日志[info]2023-12-26 17:35:08 返回状态码有误 200.0, 503
2023-12-26 17:35:09,044- root - INFO - 日志[info]2023-12-26 17:35:09 返回状态码有误 200.0, 503
2023-12-26 17:35:09,114- root - INFO - 日志[info]2023-12-26 17:35:09 返回状态码有误 200.0, 503
2023-12-26 17:35:09,198- root - INFO - 日志[info]2023-12-26 17:35:09 返回状态码有误 200.0, 503
2023-12-26 17:35:09,298- root - INFO - 日志[info]2023-12-26 17:35:09 返回状态码有误 200.0, 503
2023-12-26 17:35:09,383- root - INFO - 日志[info]2023-12-26 17:35:09 返回状态码有误 200.0, 503
2023-12-26 17:35:09,458- root - INFO - 日志[info]2023-12-26 17:35:09 返回状态码有误 200.0, 503
2023-12-26 17:35:09,524- root - INFO - 日志[info]2023-12-26 17:35:09 返回状态码有误 200.0, 503
2023-12-26 17:35:09,602- root - INFO - 日志[info]2023-12-26 17:35:09 返回状态码有误 200.0, 503
2023-12-26 17:35:09,702- root - INFO - 日志[info]2023-12-26 17:35:09 返回状态码有误 200.0, 503
2023-12-26 17:35:09,790- root - INFO - 日志[info]2023-12-26 17:35:09 返回状态码有误 200.0, 503
2023-12-26 17:35:09,882- root - INFO - 日志[info]2023-12-26 17:35:09 返回状态码有误 200.0, 503
2023-12-26 17:35:09,946- root - INFO - 日志[info]2023-12-26 17:35:09 返回状态码有误 200.0, 503
2023-12-26 17:35:10,020- root - INFO - 日志[info]2023-12-26 17:35:10 返回状态码有误 200.0, 503
2023-12-26 17:35:10,126- root - INFO - 日志[info]2023-12-26 17:35:10 返回状态码有误 200.0, 503
2023-12-26 17:35:10,182- root - INFO - 日志[info]2023-12-26 17:35:10 返回状态码有误 200.0, 503
2023-12-26 17:35:10,250- root - INFO - 日志[info]2023-12-26 17:35:10 返回状态码有误 200.0, 503
2023-12-26 17:35:10,475- root - INFO - 日志[info]2023-12-26 17:35:10 返回状态码有误 200.0, 503
2023-12-26 17:35:10,571- root - INFO - 日志[info]2023-12-26 17:35:10 返回状态码有误 200.0, 503
2023-12-26 17:35:10,629- root - INFO - 日志[info]2023-12-26 17:35:10 返回状态码有误 200.0, 503
2023-12-26 17:35:10,791- root - INFO - 日志[info]2023-12-26 17:35:10 返回状态码有误 200.0, 503
2023-12-26 17:35:10,876- root - INFO - 日志[info]2023-12-26 17:35:10 返回状态码有误 200.0, 503
2023-12-26 17:35:10,937- root - INFO - 日志[info]2023-12-26 17:35:10 返回状态码有误 200.0, 503
2023-12-26 17:35:11,023- root - INFO - 日志[info]2023-12-26 17:35:11 返回状态码有误 200.0, 503
2023-12-26 17:35:11,103- root - INFO - 日志[info]2023-12-26 17:35:11 返回状态码有误 200.0, 503
2023-12-26 17:35:11,158- root - INFO - 日志[info]2023-12-26 17:35:11 返回状态码有误 200.0, 503
2023-12-26 17:35:11,246- root - INFO - 日志[info]2023-12-26 17:35:11 返回状态码有误 200.0, 503
2023-12-26 17:35:11,305- root - INFO - 日志[info]2023-12-26 17:35:11 返回状态码有误 200.0, 503
2023-12-26 17:35:11,378- root - INFO - 日志[info]2023-12-26 17:35:11 返回状态码有误 200.0, 503
2023-12-26 17:35:11,473- root - INFO - 日志[info]2023-12-26 17:35:11 返回状态码有误 200.0, 503
2023-12-26 17:35:11,590- root - INFO - 日志[info]2023-12-26 17:35:11 返回状态码有误 200.0, 503
2023-12-26 17:35:11,670- root - INFO - 日志[info]2023-12-26 17:35:11 返回状态码有误 200.0, 503
2023-12-26 17:35:11,742- root - INFO - 日志[info]2023-12-26 17:35:11 返回状态码有误 200.0, 503
2023-12-26 17:35:11,799- root - INFO - 日志[info]2023-12-26 17:35:11 返回状态码有误 200.0, 503
2023-12-26 17:35:11,887- root - INFO - 日志[info]2023-12-26 17:35:11 返回状态码有误 200.0, 503
2023-12-26 17:35:11,950- root - INFO - 日志[info]2023-12-26 17:35:11 返回状态码有误 200.0, 503
2023-12-26 17:35:12,012- root - INFO - 日志[info]2023-12-26 17:35:12 返回状态码有误 200.0, 503
2023-12-26 17:35:12,098- root - INFO - 日志[info]2023-12-26 17:35:12 返回状态码有误 500.0, 503
2023-12-26 17:35:12,179- root - INFO - 日志[info]2023-12-26 17:35:12 返回状态码有误 200.0, 503
2023-12-26 17:35:12,232- root - INFO - 日志[info]2023-12-26 17:35:12 返回状态码有误 200.0, 503
2023-12-26 17:35:12,291- root - INFO - 日志[info]2023-12-26 17:35:12 返回状态码有误 200.0, 503
2023-12-26 17:35:12,345- root - INFO - 日志[info]2023-12-26 17:35:12 返回状态码有误 200.0, 503
2023-12-26 17:35:12,398- root - INFO - 日志[info]2023-12-26 17:35:12 返回状态码有误 200.0, 503
2023-12-26 17:35:12,452- root - INFO - 日志[info]2023-12-26 17:35:12 返回状态码有误 200.0, 503
2023-12-26 17:35:12,512- root - INFO - 日志[info]2023-12-26 17:35:12 返回状态码有误 200.0, 503
2023-12-26 17:35:12,571- root - INFO - 日志[info]2023-12-26 17:35:12 返回状态码有误 200.0, 503
2023-12-26 17:35:12,629- root - INFO - 日志[info]2023-12-26 17:35:12 返回状态码有误 200.0, 503
2023-12-26 17:35:12,705- root - INFO - 日志[info]2023-12-26 17:35:12 返回状态码有误 200.0, 503
2023-12-26 17:35:12,761- root - INFO - 日志[info]2023-12-26 17:35:12 返回状态码有误 200.0, 503
2023-12-26 17:35:12,822- root - INFO - 日志[info]2023-12-26 17:35:12 返回状态码有误 200.0, 503
2023-12-26 17:35:12,908- root - INFO - 日志[info]2023-12-26 17:35:12 返回状态码有误 200.0, 503
2023-12-26 17:35:12,974- root - INFO - 日志[info]2023-12-26 17:35:12 返回状态码有误 200.0, 503
2023-12-26 17:35:13,057- root - INFO - 日志[info]2023-12-26 17:35:13 返回状态码有误 200.0, 503
2023-12-26 17:35:13,139- root - INFO - 日志[info]2023-12-26 17:35:13 返回状态码有误 200.0, 503
2023-12-26 17:35:13,230- root - INFO - 日志[info]2023-12-26 17:35:13 返回状态码有误 200.0, 503
2023-12-26 17:35:13,287- root - INFO - 日志[info]2023-12-26 17:35:13 返回状态码有误 200.0, 503
2023-12-26 17:35:13,340- root - INFO - 日志[info]2023-12-26 17:35:13 返回状态码有误 200.0, 503
2023-12-26 17:35:13,407- root - INFO - 日志[info]2023-12-26 17:35:13 返回状态码有误 200.0, 503
2023-12-26 17:35:13,487- root - INFO - 日志[info]2023-12-26 17:35:13 返回状态码有误 200.0, 503
2023-12-26 17:35:13,556- root - INFO - 日志[info]2023-12-26 17:35:13 返回状态码有误 200.0, 503
2023-12-26 17:35:13,621- root - INFO - 日志[info]2023-12-26 17:35:13 返回状态码有误 200.0, 503
2023-12-26 17:35:13,686- root - INFO - 日志[info]2023-12-26 17:35:13 返回状态码有误 200.0, 503
2023-12-26 17:35:13,763- root - INFO - 日志[info]2023-12-26 17:35:13 返回状态码有误 200.0, 503
2023-12-26 17:35:13,852- root - INFO - 日志[info]2023-12-26 17:35:13 返回状态码有误 200.0, 503
2023-12-26 17:35:13,914- root - INFO - 日志[info]2023-12-26 17:35:13 返回状态码有误 200.0, 503
2023-12-26 17:35:13,985- root - INFO - 日志[info]2023-12-26 17:35:13 返回状态码有误 200.0, 503
2023-12-26 17:35:14,063- root - INFO - 日志[info]2023-12-26 17:35:14 返回状态码有误 200.0, 503
2023-12-26 17:35:14,140- root - INFO - 日志[info]2023-12-26 17:35:14 返回状态码有误 200.0, 503
2023-12-26 17:35:14,224- root - INFO - 日志[info]2023-12-26 17:35:14 返回状态码有误 200.0, 503
2023-12-26 17:35:14,307- root - INFO - 日志[info]2023-12-26 17:35:14 返回状态码有误 200.0, 503
2023-12-26 17:35:14,398- root - INFO - 日志[info]2023-12-26 17:35:14 返回状态码有误 200.0, 503
2023-12-26 17:35:14,477- root - INFO - 日志[info]2023-12-26 17:35:14 返回状态码有误 200.0, 503
2023-12-26 17:35:14,538- root - INFO - 日志[info]2023-12-26 17:35:14 返回状态码有误 200.0, 503
2023-12-26 17:35:14,598- root - INFO - 日志[info]2023-12-26 17:35:14 返回状态码有误 200.0, 503
2023-12-26 17:35:14,667- root - INFO - 日志[info]2023-12-26 17:35:14 返回状态码有误 200.0, 503
2023-12-26 17:35:14,789- root - INFO - 日志[info]2023-12-26 17:35:14 返回状态码有误 200.0, 503
2023-12-26 17:35:14,898- root - INFO - 日志[info]2023-12-26 17:35:14 返回状态码有误 200.0, 503
2023-12-26 17:35:14,970- root - INFO - 日志[info]2023-12-26 17:35:14 返回状态码有误 200.0, 503
2023-12-26 17:35:15,044- root - INFO - 日志[info]2023-12-26 17:35:15 返回状态码有误 200.0, 503
2023-12-26 17:35:15,122- root - INFO - 日志[info]2023-12-26 17:35:15 返回状态码有误 200.0, 503
2023-12-26 17:35:15,185- root - INFO - 日志[info]2023-12-26 17:35:15 返回状态码有误 200.0, 503
2023-12-26 17:35:15,272- root - INFO - 日志[info]2023-12-26 17:35:15 返回状态码有误 200.0, 503
2024-10-09 14:26:35,399- root - INFO - 日志[info]2024-10-09 14:26:35 返回状态码有误 200.0, 401
2024-10-09 14:26:35,530- root - INFO - 日志[info]2024-10-09 14:26:35 返回状态码有误 500.0, 401
2024-10-09 14:26:35,576- root - INFO - 日志[info]2024-10-09 14:26:35 返回状态码有误 200.0, 401
2024-10-09 14:26:35,692- root - INFO - 日志[info]2024-10-09 14:26:35 返回状态码有误 200.0, 401
2024-10-09 14:26:35,778- root - INFO - 日志[info]2024-10-09 14:26:35 返回状态码有误 200.0, 401
2024-10-09 14:26:35,844- root - INFO - 日志[info]2024-10-09 14:26:35 返回状态码有误 200.0, 401
2024-10-09 14:26:35,898- root - INFO - 日志[info]2024-10-09 14:26:35 返回状态码有误 200.0, 401
2024-10-09 14:26:35,971- root - INFO - 日志[info]2024-10-09 14:26:35 返回状态码有误 200.0, 401
2024-10-09 14:26:36,030- root - INFO - 日志[info]2024-10-09 14:26:36 返回状态码有误 200.0, 401
2024-10-09 14:26:36,099- root - INFO - 日志[info]2024-10-09 14:26:36 返回状态码有误 200.0, 401
2024-10-09 14:26:36,176- root - INFO - 日志[info]2024-10-09 14:26:36 返回状态码有误 200.0, 401
2024-10-09 14:26:36,224- root - INFO - 日志[info]2024-10-09 14:26:36 返回状态码有误 200.0, 401
2024-10-09 14:26:36,301- root - INFO - 日志[info]2024-10-09 14:26:36 返回状态码有误 200.0, 401
2024-10-09 14:26:36,368- root - INFO - 日志[info]2024-10-09 14:26:36 返回状态码有误 200.0, 401
2024-10-09 14:26:36,430- root - INFO - 日志[info]2024-10-09 14:26:36 返回状态码有误 200.0, 401
2024-10-09 14:26:36,499- root - INFO - 日志[info]2024-10-09 14:26:36 返回状态码有误 200.0, 401
2024-10-09 14:26:36,598- root - INFO - 日志[info]2024-10-09 14:26:36 返回状态码有误 200.0, 401
2024-10-09 14:26:36,674- root - INFO - 日志[info]2024-10-09 14:26:36 返回状态码有误 200.0, 401
2024-10-09 14:26:36,734- root - INFO - 日志[info]2024-10-09 14:26:36 返回状态码有误 200.0, 401
2024-10-09 14:26:36,783- root - INFO - 日志[info]2024-10-09 14:26:36 返回状态码有误 200.0, 401
2024-10-09 14:26:36,832- root - INFO - 日志[info]2024-10-09 14:26:36 返回状态码有误 200.0, 401
2024-10-09 14:26:36,930- root - INFO - 日志[info]2024-10-09 14:26:36 返回状态码有误 200.0, 401
2024-10-09 14:26:36,965- root - INFO - 日志[info]2024-10-09 14:26:36 返回状态码有误 200.0, 401
2024-10-09 14:26:37,016- root - INFO - 日志[info]2024-10-09 14:26:37 返回状态码有误 200.0, 401
2024-10-09 14:26:37,086- root - INFO - 日志[info]2024-10-09 14:26:37 返回状态码有误 200.0, 401
2024-10-09 14:26:37,140- root - INFO - 日志[info]2024-10-09 14:26:37 返回状态码有误 200.0, 401
2024-10-09 14:26:37,218- root - INFO - 日志[info]2024-10-09 14:26:37 返回状态码有误 200.0, 401
2024-10-09 14:26:37,276- root - INFO - 日志[info]2024-10-09 14:26:37 返回状态码有误 200.0, 401
2024-10-09 14:26:37,363- root - INFO - 日志[info]2024-10-09 14:26:37 返回状态码有误 200.0, 401
2024-10-09 14:26:37,436- root - INFO - 日志[info]2024-10-09 14:26:37 返回状态码有误 200.0, 401
2024-10-09 14:26:37,493- root - INFO - 日志[info]2024-10-09 14:26:37 返回状态码有误 200.0, 401
2024-10-09 14:26:37,573- root - INFO - 日志[info]2024-10-09 14:26:37 返回状态码有误 200.0, 401
2024-10-09 14:26:37,633- root - INFO - 日志[info]2024-10-09 14:26:37 返回状态码有误 200.0, 401
2024-10-09 14:26:37,703- root - INFO - 日志[info]2024-10-09 14:26:37 返回状态码有误 200.0, 401
2024-10-09 14:26:37,743- root - INFO - 日志[info]2024-10-09 14:26:37 返回状态码有误 200.0, 401
2024-10-09 14:26:38,074- root - INFO - 日志[info]2024-10-09 14:26:38 返回状态码有误 200.0, 401
2024-10-09 14:26:38,117- root - INFO - 日志[info]2024-10-09 14:26:38 返回状态码有误 200.0, 401
2024-10-09 14:26:38,193- root - INFO - 日志[info]2024-10-09 14:26:38 返回状态码有误 200.0, 401
2024-10-09 14:26:38,239- root - INFO - 日志[info]2024-10-09 14:26:38 返回状态码有误 200.0, 401
2024-10-09 14:26:38,306- root - INFO - 日志[info]2024-10-09 14:26:38 返回状态码有误 200.0, 401
2024-10-09 14:26:38,370- root - INFO - 日志[info]2024-10-09 14:26:38 返回状态码有误 200.0, 401
2024-10-09 14:26:38,443- root - INFO - 日志[info]2024-10-09 14:26:38 返回状态码有误 200.0, 401
2024-10-09 14:26:38,634- root - INFO - 日志[info]2024-10-09 14:26:38 返回状态码有误 200.0, 400
2024-10-09 14:26:38,688- root - INFO - 日志[info]2024-10-09 14:26:38 返回状态码有误 200.0, 401
2024-10-09 14:26:38,756- root - INFO - 日志[info]2024-10-09 14:26:38 返回状态码有误 200.0, 401
2024-10-09 14:26:38,857- root - INFO - 日志[info]2024-10-09 14:26:38 返回状态码有误 200.0, 401
2024-10-09 14:26:38,932- root - INFO - 日志[info]2024-10-09 14:26:38 返回状态码有误 200.0, 401
2024-10-09 14:26:39,022- root - INFO - 日志[info]2024-10-09 14:26:39 返回状态码有误 200.0, 401
2024-10-09 14:26:39,107- root - INFO - 日志[info]2024-10-09 14:26:39 返回状态码有误 200.0, 401
2024-10-09 14:26:39,178- root - INFO - 日志[info]2024-10-09 14:26:39 返回状态码有误 200.0, 401
2024-10-09 14:26:39,231- root - INFO - 日志[info]2024-10-09 14:26:39 返回状态码有误 200.0, 401
2024-10-09 14:26:39,290- root - INFO - 日志[info]2024-10-09 14:26:39 返回状态码有误 200.0, 401
2024-10-09 14:26:39,345- root - INFO - 日志[info]2024-10-09 14:26:39 返回状态码有误 200.0, 401
2024-10-09 14:26:39,393- root - INFO - 日志[info]2024-10-09 14:26:39 返回状态码有误 200.0, 401
2024-10-09 14:26:39,458- root - INFO - 日志[info]2024-10-09 14:26:39 返回状态码有误 200.0, 401
2024-10-09 14:26:39,497- root - INFO - 日志[info]2024-10-09 14:26:39 返回状态码有误 200.0, 401
2024-10-09 14:26:39,565- root - INFO - 日志[info]2024-10-09 14:26:39 返回状态码有误 200.0, 401
2024-10-09 14:26:39,631- root - INFO - 日志[info]2024-10-09 14:26:39 返回状态码有误 200.0, 401
2024-10-09 14:26:39,675- root - INFO - 日志[info]2024-10-09 14:26:39 返回状态码有误 200.0, 401
2024-10-09 14:26:39,730- root - INFO - 日志[info]2024-10-09 14:26:39 返回状态码有误 200.0, 401
2024-10-09 14:26:39,803- root - INFO - 日志[info]2024-10-09 14:26:39 返回状态码有误 200.0, 401
2024-10-09 14:26:39,844- root - INFO - 日志[info]2024-10-09 14:26:39 返回状态码有误 200.0, 401
2024-10-09 14:26:39,920- root - INFO - 日志[info]2024-10-09 14:26:39 返回状态码有误 200.0, 401
2024-10-09 14:26:39,987- root - INFO - 日志[info]2024-10-09 14:26:39 返回状态码有误 200.0, 401
2024-10-09 14:26:40,084- root - INFO - 日志[info]2024-10-09 14:26:40 返回状态码有误 200.0, 401
2024-10-09 14:26:40,138- root - INFO - 日志[info]2024-10-09 14:26:40 返回状态码有误 200.0, 401
2024-10-09 14:26:40,187- root - INFO - 日志[info]2024-10-09 14:26:40 返回状态码有误 200.0, 401
2024-10-09 14:26:40,267- root - INFO - 日志[info]2024-10-09 14:26:40 返回状态码有误 200.0, 401
2024-10-09 14:26:40,320- root - INFO - 日志[info]2024-10-09 14:26:40 返回状态码有误 200.0, 401
2024-10-09 14:26:40,420- root - INFO - 日志[info]2024-10-09 14:26:40 返回状态码有误 200.0, 404
2024-10-09 14:26:40,474- root - INFO - 日志[info]2024-10-09 14:26:40 返回状态码有误 200.0, 401
2024-10-09 14:26:40,551- root - INFO - 日志[info]2024-10-09 14:26:40 返回状态码有误 200.0, 401
2024-10-09 14:26:40,623- root - INFO - 日志[info]2024-10-09 14:26:40 返回状态码有误 200.0, 404
2024-10-09 14:26:40,691- root - INFO - 日志[info]2024-10-09 14:26:40 返回状态码有误 200.0, 404
2024-10-09 14:26:40,756- root - INFO - 日志[info]2024-10-09 14:26:40 返回状态码有误 200.0, 401
2024-10-09 14:26:40,835- root - INFO - 日志[info]2024-10-09 14:26:40 返回状态码有误 200.0, 401
2024-10-09 14:26:40,944- root - INFO - 日志[info]2024-10-09 14:26:40 返回状态码有误 200.0, 404
2024-10-09 14:26:41,108- root - INFO - 日志[info]2024-10-09 14:26:41 返回状态码有误 200.0, 401
2024-10-09 14:26:41,160- root - INFO - 日志[info]2024-10-09 14:26:41 返回状态码有误 200.0, 401
2024-10-09 14:26:41,231- root - INFO - 日志[info]2024-10-09 14:26:41 返回状态码有误 200.0, 401
2024-10-09 14:26:41,283- root - INFO - 日志[info]2024-10-09 14:26:41 返回状态码有误 200.0, 401
2024-10-09 14:26:41,347- root - INFO - 日志[info]2024-10-09 14:26:41 返回状态码有误 200.0, 401
2024-10-09 14:26:41,386- root - INFO - 日志[info]2024-10-09 14:26:41 返回状态码有误 200.0, 401
2024-10-09 14:26:41,510- root - INFO - 日志[info]2024-10-09 14:26:41 返回状态码有误 200.0, 401
2024-10-09 14:26:41,717- root - INFO - 日志[info]2024-10-09 14:26:41 返回状态码有误 200.0, 401
2024-10-09 14:26:41,783- root - INFO - 日志[info]2024-10-09 14:26:41 返回状态码有误 200.0, 401
2024-10-09 14:26:41,824- root - INFO - 日志[info]2024-10-09 14:26:41 返回状态码有误 200.0, 401
2024-10-09 14:26:41,882- root - INFO - 日志[info]2024-10-09 14:26:41 返回状态码有误 200.0, 401
2024-10-09 14:26:41,975- root - INFO - 日志[info]2024-10-09 14:26:41 返回状态码有误 200.0, 401
2024-10-09 14:26:42,065- root - INFO - 日志[info]2024-10-09 14:26:42 返回状态码有误 200.0, 401
2024-10-09 14:26:42,133- root - INFO - 日志[info]2024-10-09 14:26:42 返回状态码有误 200.0, 401
2024-10-09 14:26:42,182- root - INFO - 日志[info]2024-10-09 14:26:42 返回状态码有误 200.0, 401
2024-10-09 14:26:42,238- root - INFO - 日志[info]2024-10-09 14:26:42 返回状态码有误 200.0, 401
2024-10-09 14:26:42,289- root - INFO - 日志[info]2024-10-09 14:26:42 返回状态码有误 200.0, 401
2024-10-09 14:26:42,342- root - INFO - 日志[info]2024-10-09 14:26:42 返回状态码有误 200.0, 401
2024-10-09 14:26:42,408- root - INFO - 日志[info]2024-10-09 14:26:42 返回状态码有误 200.0, 401
2024-10-09 14:26:42,487- root - INFO - 日志[info]2024-10-09 14:26:42 返回状态码有误 200.0, 401
2024-10-09 14:26:42,558- root - INFO - 日志[info]2024-10-09 14:26:42 返回状态码有误 200.0, 401
2024-10-09 14:26:42,631- root - INFO - 日志[info]2024-10-09 14:26:42 返回状态码有误 200.0, 401
2024-10-09 14:26:42,688- root - INFO - 日志[info]2024-10-09 14:26:42 返回状态码有误 200.0, 401
2024-10-09 14:26:42,747- root - INFO - 日志[info]2024-10-09 14:26:42 返回状态码有误 200.0, 401
2024-10-09 14:26:42,797- root - INFO - 日志[info]2024-10-09 14:26:42 返回状态码有误 200.0, 401
2024-10-09 14:26:42,859- root - INFO - 日志[info]2024-10-09 14:26:42 返回状态码有误 200.0, 401
2024-10-09 14:26:42,939- root - INFO - 日志[info]2024-10-09 14:26:42 返回状态码有误 200.0, 401
2024-10-09 14:26:42,984- root - INFO - 日志[info]2024-10-09 14:26:42 返回状态码有误 200.0, 401
2024-10-09 14:26:43,033- root - INFO - 日志[info]2024-10-09 14:26:43 返回状态码有误 200.0, 401
2024-10-09 14:26:43,083- root - INFO - 日志[info]2024-10-09 14:26:43 返回状态码有误 200.0, 401
2024-10-09 14:26:43,141- root - INFO - 日志[info]2024-10-09 14:26:43 返回状态码有误 200.0, 401
2024-10-09 14:26:43,251- root - INFO - 日志[info]2024-10-09 14:26:43 返回状态码有误 200.0, 401
2024-10-09 14:26:43,328- root - INFO - 日志[info]2024-10-09 14:26:43 返回状态码有误 200.0, 401
2024-10-09 14:26:43,406- root - INFO - 日志[info]2024-10-09 14:26:43 返回状态码有误 200.0, 401
2024-10-09 14:26:43,525- root - INFO - 日志[info]2024-10-09 14:26:43 返回状态码有误 200.0, 401
2024-10-09 14:26:43,605- root - INFO - 日志[info]2024-10-09 14:26:43 返回状态码有误 200.0, 401
2024-10-09 14:26:43,678- root - INFO - 日志[info]2024-10-09 14:26:43 返回状态码有误 200.0, 401
2024-10-09 14:26:43,760- root - INFO - 日志[info]2024-10-09 14:26:43 返回状态码有误 200.0, 401
2024-10-09 14:26:43,891- root - INFO - 日志[info]2024-10-09 14:26:43 返回状态码有误 200.0, 401
2024-10-09 14:26:43,947- root - INFO - 日志[info]2024-10-09 14:26:43 返回状态码有误 200.0, 401
2024-10-09 14:26:44,003- root - INFO - 日志[info]2024-10-09 14:26:44 返回状态码有误 200.0, 401
2024-10-09 14:26:44,062- root - INFO - 日志[info]2024-10-09 14:26:44 返回状态码有误 200.0, 401
2024-10-09 14:26:44,138- root - INFO - 日志[info]2024-10-09 14:26:44 返回状态码有误 200.0, 401
2024-10-09 14:26:44,185- root - INFO - 日志[info]2024-10-09 14:26:44 返回状态码有误 200.0, 401
2024-10-09 14:26:44,257- root - INFO - 日志[info]2024-10-09 14:26:44 返回状态码有误 200.0, 401
2024-10-09 14:26:44,311- root - INFO - 日志[info]2024-10-09 14:26:44 返回状态码有误 200.0, 401
2024-10-09 14:26:44,364- root - INFO - 日志[info]2024-10-09 14:26:44 返回状态码有误 200.0, 401
2024-10-09 14:26:44,472- root - INFO - 日志[info]2024-10-09 14:26:44 返回状态码有误 200.0, 401
2024-10-09 14:26:44,549- root - INFO - 日志[info]2024-10-09 14:26:44 返回状态码有误 200.0, 401
2024-10-09 14:26:44,602- root - INFO - 日志[info]2024-10-09 14:26:44 返回状态码有误 200.0, 401
2024-10-09 14:26:44,662- root - INFO - 日志[info]2024-10-09 14:26:44 返回状态码有误 200.0, 401
2024-10-09 14:26:44,712- root - INFO - 日志[info]2024-10-09 14:26:44 返回状态码有误 200.0, 401
2024-10-09 14:26:44,792- root - INFO - 日志[info]2024-10-09 14:26:44 返回状态码有误 200.0, 401
2024-10-09 14:26:44,908- root - INFO - 日志[info]2024-10-09 14:26:44 返回状态码有误 200.0, 401
2024-10-09 14:26:44,966- root - INFO - 日志[info]2024-10-09 14:26:44 返回状态码有误 200.0, 401
2024-10-09 14:26:45,049- root - INFO - 日志[info]2024-10-09 14:26:45 返回状态码有误 200.0, 401
2024-10-09 14:26:45,106- root - INFO - 日志[info]2024-10-09 14:26:45 返回状态码有误 200.0, 401
2024-10-09 14:26:45,206- root - INFO - 日志[info]2024-10-09 14:26:45 返回状态码有误 200.0, 401
2024-10-09 14:26:45,379- root - INFO - 日志[info]2024-10-09 14:26:45 返回状态码有误 200.0, 401
2024-10-09 14:26:45,472- root - INFO - 日志[info]2024-10-09 14:26:45 返回状态码有误 200.0, 401
2024-10-09 14:26:45,543- root - INFO - 日志[info]2024-10-09 14:26:45 返回状态码有误 200.0, 401
2024-10-09 14:26:45,599- root - INFO - 日志[info]2024-10-09 14:26:45 返回状态码有误 200.0, 401
2024-10-09 14:26:45,661- root - INFO - 日志[info]2024-10-09 14:26:45 返回状态码有误 200.0, 401
2024-10-09 14:26:45,723- root - INFO - 日志[info]2024-10-09 14:26:45 返回状态码有误 200.0, 401
2024-10-09 14:26:45,775- root - INFO - 日志[info]2024-10-09 14:26:45 返回状态码有误 200.0, 401
2024-10-09 14:26:45,833- root - INFO - 日志[info]2024-10-09 14:26:45 返回状态码有误 200.0, 401
2024-10-09 14:26:45,923- root - INFO - 日志[info]2024-10-09 14:26:45 返回状态码有误 200.0, 401
2024-10-09 14:26:45,971- root - INFO - 日志[info]2024-10-09 14:26:45 返回状态码有误 200.0, 401
2024-10-09 14:26:46,215- root - INFO - 日志[info]2024-10-09 14:26:46 返回状态码有误 200.0, 401
2024-10-09 14:26:46,272- root - INFO - 日志[info]2024-10-09 14:26:46 返回状态码有误 200.0, 401
2024-10-09 14:26:46,327- root - INFO - 日志[info]2024-10-09 14:26:46 返回状态码有误 200.0, 401
2024-10-09 14:26:46,375- root - INFO - 日志[info]2024-10-09 14:26:46 返回状态码有误 200.0, 401
2024-10-09 14:26:46,487- root - INFO - 日志[info]2024-10-09 14:26:46 返回状态码有误 200.0, 401
2024-10-09 14:26:46,570- root - INFO - 日志[info]2024-10-09 14:26:46 返回状态码有误 200.0, 401
2024-10-09 14:26:46,611- root - INFO - 日志[info]2024-10-09 14:26:46 返回状态码有误 200.0, 401
2024-10-09 14:26:46,658- root - INFO - 日志[info]2024-10-09 14:26:46 返回状态码有误 200.0, 401
2024-10-09 14:26:46,712- root - INFO - 日志[info]2024-10-09 14:26:46 返回状态码有误 200.0, 401
2024-10-09 14:26:46,759- root - INFO - 日志[info]2024-10-09 14:26:46 返回状态码有误 200.0, 401
2024-10-09 14:26:46,851- root - INFO - 日志[info]2024-10-09 14:26:46 返回状态码有误 200.0, 401
2024-10-09 14:26:46,941- root - INFO - 日志[info]2024-10-09 14:26:46 返回状态码有误 200.0, 401
2024-10-09 14:26:46,997- root - INFO - 日志[info]2024-10-09 14:26:46 返回状态码有误 200.0, 401
2024-10-09 14:26:47,086- root - INFO - 日志[info]2024-10-09 14:26:47 返回状态码有误 200.0, 401
2024-10-09 14:26:47,173- root - INFO - 日志[info]2024-10-09 14:26:47 返回状态码有误 200.0, 401
2024-10-09 14:26:47,252- root - INFO - 日志[info]2024-10-09 14:26:47 返回状态码有误 200.0, 401
2024-10-09 14:26:47,350- root - INFO - 日志[info]2024-10-09 14:26:47 返回状态码有误 200.0, 401
2024-10-09 14:26:47,397- root - INFO - 日志[info]2024-10-09 14:26:47 返回状态码有误 200.0, 401
2024-10-09 14:26:47,472- root - INFO - 日志[info]2024-10-09 14:26:47 返回状态码有误 200.0, 401
2024-10-09 14:26:47,542- root - INFO - 日志[info]2024-10-09 14:26:47 返回状态码有误 200.0, 401
2024-10-09 14:26:47,582- root - INFO - 日志[info]2024-10-09 14:26:47 返回状态码有误 200.0, 401
2024-10-09 14:26:47,631- root - INFO - 日志[info]2024-10-09 14:26:47 返回状态码有误 200.0, 401
2024-10-09 14:26:47,683- root - INFO - 日志[info]2024-10-09 14:26:47 返回状态码有误 200.0, 401
2024-10-09 14:26:47,723- root - INFO - 日志[info]2024-10-09 14:26:47 返回状态码有误 200.0, 401
2024-10-09 14:26:47,763- root - INFO - 日志[info]2024-10-09 14:26:47 返回状态码有误 200.0, 401
2024-10-09 14:26:47,829- root - INFO - 日志[info]2024-10-09 14:26:47 返回状态码有误 200.0, 401
2024-10-09 14:26:48,079- root - INFO - 日志[info]2024-10-09 14:26:48 返回状态码有误 200.0, 401
2024-10-09 14:26:48,223- root - INFO - 日志[info]2024-10-09 14:26:48 返回状态码有误 200.0, 401
2024-10-09 14:26:48,284- root - INFO - 日志[info]2024-10-09 14:26:48 返回状态码有误 200.0, 401
2024-10-09 14:26:48,339- root - INFO - 日志[info]2024-10-09 14:26:48 返回状态码有误 200.0, 401
2024-10-09 14:26:48,387- root - INFO - 日志[info]2024-10-09 14:26:48 返回状态码有误 200.0, 401
2024-10-09 14:26:48,438- root - INFO - 日志[info]2024-10-09 14:26:48 返回状态码有误 200.0, 401
2024-10-09 14:26:48,493- root - INFO - 日志[info]2024-10-09 14:26:48 返回状态码有误 200.0, 401
2024-10-09 14:26:48,894- root - INFO - 日志[info]2024-10-09 14:26:48 返回状态码有误 200.0, 401
2024-10-09 14:26:49,011- root - INFO - 日志[info]2024-10-09 14:26:49 返回状态码有误 200.0, 401
2024-10-09 14:26:49,098- root - INFO - 日志[info]2024-10-09 14:26:49 返回状态码有误 200.0, 401
2024-10-09 14:26:49,157- root - INFO - 日志[info]2024-10-09 14:26:49 返回状态码有误 200.0, 401
2024-10-09 14:26:49,387- root - INFO - 日志[info]2024-10-09 14:26:49 返回状态码有误 200.0, 401
2024-10-09 14:26:49,459- root - INFO - 日志[info]2024-10-09 14:26:49 返回状态码有误 200.0, 401
2024-10-09 14:26:49,677- root - INFO - 日志[info]2024-10-09 14:26:49 返回状态码有误 200.0, 401
2024-10-09 14:26:49,724- root - INFO - 日志[info]2024-10-09 14:26:49 返回状态码有误 200.0, 401
2024-10-09 14:26:49,771- root - INFO - 日志[info]2024-10-09 14:26:49 返回状态码有误 200.0, 401
2024-10-09 14:26:49,815- root - INFO - 日志[info]2024-10-09 14:26:49 返回状态码有误 200.0, 401
2024-10-09 14:26:49,857- root - INFO - 日志[info]2024-10-09 14:26:49 返回状态码有误 200.0, 401
2024-10-09 14:26:49,901- root - INFO - 日志[info]2024-10-09 14:26:49 返回状态码有误 200.0, 401
2024-10-09 14:26:50,050- root - INFO - 日志[info]2024-10-09 14:26:50 返回状态码有误 200.0, 401
2024-10-09 14:26:50,185- root - INFO - 日志[info]2024-10-09 14:26:50 返回状态码有误 200.0, 401
2024-10-09 14:26:50,347- root - INFO - 日志[info]2024-10-09 14:26:50 返回状态码有误 200.0, 401
2024-10-09 14:26:50,406- root - INFO - 日志[info]2024-10-09 14:26:50 返回状态码有误 200.0, 401
2024-10-09 14:26:50,472- root - INFO - 日志[info]2024-10-09 14:26:50 返回状态码有误 200.0, 401
2024-10-09 14:26:50,535- root - INFO - 日志[info]2024-10-09 14:26:50 返回状态码有误 200.0, 401
2024-10-09 14:26:50,580- root - INFO - 日志[info]2024-10-09 14:26:50 返回状态码有误 200.0, 401
2024-10-09 14:26:50,634- root - INFO - 日志[info]2024-10-09 14:26:50 返回状态码有误 200.0, 401
2024-10-09 14:26:50,691- root - INFO - 日志[info]2024-10-09 14:26:50 返回状态码有误 200.0, 401
2024-10-09 14:26:50,741- root - INFO - 日志[info]2024-10-09 14:26:50 返回状态码有误 200.0, 401
2024-10-09 14:26:50,805- root - INFO - 日志[info]2024-10-09 14:26:50 返回状态码有误 200.0, 401
2024-10-09 14:26:50,854- root - INFO - 日志[info]2024-10-09 14:26:50 返回状态码有误 200.0, 401
2024-10-09 14:26:50,937- root - INFO - 日志[info]2024-10-09 14:26:50 返回状态码有误 200.0, 401
2024-10-09 14:26:50,983- root - INFO - 日志[info]2024-10-09 14:26:50 返回状态码有误 200.0, 401
2024-10-09 14:26:51,033- root - INFO - 日志[info]2024-10-09 14:26:51 返回状态码有误 200.0, 401
2024-10-09 14:26:51,088- root - INFO - 日志[info]2024-10-09 14:26:51 返回状态码有误 200.0, 401
2024-10-09 14:26:51,141- root - INFO - 日志[info]2024-10-09 14:26:51 返回状态码有误 200.0, 401
2024-10-09 14:26:51,193- root - INFO - 日志[info]2024-10-09 14:26:51 返回状态码有误 200.0, 401
2024-10-09 14:26:51,264- root - INFO - 日志[info]2024-10-09 14:26:51 返回状态码有误 200.0, 401
2024-10-09 14:26:51,345- root - INFO - 日志[info]2024-10-09 14:26:51 返回状态码有误 200.0, 401
2024-10-09 14:26:51,395- root - INFO - 日志[info]2024-10-09 14:26:51 返回状态码有误 200.0, 401
2024-10-09 14:26:51,491- root - INFO - 日志[info]2024-10-09 14:26:51 返回状态码有误 200.0, 401
2024-10-09 14:26:51,542- root - INFO - 日志[info]2024-10-09 14:26:51 返回状态码有误 200.0, 401
2024-10-09 14:26:51,591- root - INFO - 日志[info]2024-10-09 14:26:51 返回状态码有误 200.0, 401
2024-10-09 14:26:51,638- root - INFO - 日志[info]2024-10-09 14:26:51 返回状态码有误 200.0, 401
2024-10-09 14:26:51,687- root - INFO - 日志[info]2024-10-09 14:26:51 返回状态码有误 200.0, 401
2024-10-09 14:26:51,766- root - INFO - 日志[info]2024-10-09 14:26:51 返回状态码有误 200.0, 401
2024-10-09 14:26:51,815- root - INFO - 日志[info]2024-10-09 14:26:51 返回状态码有误 200.0, 401
2024-10-09 14:26:51,862- root - INFO - 日志[info]2024-10-09 14:26:51 返回状态码有误 200.0, 401
2024-10-09 14:26:51,907- root - INFO - 日志[info]2024-10-09 14:26:51 返回状态码有误 200.0, 401
2024-10-09 14:26:51,951- root - INFO - 日志[info]2024-10-09 14:26:51 返回状态码有误 200.0, 401
2024-10-09 14:26:52,011- root - INFO - 日志[info]2024-10-09 14:26:52 返回状态码有误 200.0, 401
2024-10-09 14:26:52,063- root - INFO - 日志[info]2024-10-09 14:26:52 返回状态码有误 200.0, 401
2024-10-09 14:26:52,120- root - INFO - 日志[info]2024-10-09 14:26:52 返回状态码有误 200.0, 401
2024-10-09 14:26:52,167- root - INFO - 日志[info]2024-10-09 14:26:52 返回状态码有误 200.0, 401
2024-10-09 14:26:52,227- root - INFO - 日志[info]2024-10-09 14:26:52 返回状态码有误 200.0, 401
2024-10-09 14:26:52,275- root - INFO - 日志[info]2024-10-09 14:26:52 返回状态码有误 200.0, 401
2024-10-09 14:26:52,321- root - INFO - 日志[info]2024-10-09 14:26:52 返回状态码有误 200.0, 401
2024-10-09 14:26:52,367- root - INFO - 日志[info]2024-10-09 14:26:52 返回状态码有误 200.0, 401
2024-10-09 14:26:52,417- root - INFO - 日志[info]2024-10-09 14:26:52 返回状态码有误 200.0, 401
2024-10-09 14:26:52,502- root - INFO - 日志[info]2024-10-09 14:26:52 返回状态码有误 200.0, 401
2024-10-09 14:26:52,577- root - INFO - 日志[info]2024-10-09 14:26:52 返回状态码有误 200.0, 401
2024-10-09 14:26:52,644- root - INFO - 日志[info]2024-10-09 14:26:52 返回状态码有误 200.0, 401
2024-10-09 14:26:52,697- root - INFO - 日志[info]2024-10-09 14:26:52 返回状态码有误 200.0, 401
2024-10-09 14:26:52,747- root - INFO - 日志[info]2024-10-09 14:26:52 返回状态码有误 200.0, 401
2024-10-09 14:26:52,968- root - INFO - 日志[info]2024-10-09 14:26:52 返回状态码有误 200.0, 401
2024-10-09 14:26:53,083- root - INFO - 日志[info]2024-10-09 14:26:53 返回状态码有误 200.0, 401
2024-10-09 14:26:53,216- root - INFO - 日志[info]2024-10-09 14:26:53 返回状态码有误 200.0, 401
2024-10-09 14:26:53,282- root - INFO - 日志[info]2024-10-09 14:26:53 返回状态码有误 200.0, 401
2024-10-09 14:26:53,356- root - INFO - 日志[info]2024-10-09 14:26:53 返回状态码有误 200.0, 401
2024-10-09 14:26:53,402- root - INFO - 日志[info]2024-10-09 14:26:53 返回状态码有误 200.0, 401
2024-10-09 14:26:53,444- root - INFO - 日志[info]2024-10-09 14:26:53 返回状态码有误 200.0, 401
2024-10-09 14:26:53,503- root - INFO - 日志[info]2024-10-09 14:26:53 返回状态码有误 200.0, 401
2024-10-09 14:26:53,551- root - INFO - 日志[info]2024-10-09 14:26:53 返回状态码有误 200.0, 401
2024-10-09 14:26:53,592- root - INFO - 日志[info]2024-10-09 14:26:53 返回状态码有误 200.0, 401
2024-10-09 14:26:53,634- root - INFO - 日志[info]2024-10-09 14:26:53 返回状态码有误 200.0, 401
2024-10-09 14:26:53,692- root - INFO - 日志[info]2024-10-09 14:26:53 返回状态码有误 200.0, 401
2024-10-09 14:26:53,759- root - INFO - 日志[info]2024-10-09 14:26:53 返回状态码有误 200.0, 401
2024-10-09 14:26:53,806- root - INFO - 日志[info]2024-10-09 14:26:53 返回状态码有误 200.0, 401
2024-10-09 14:26:53,854- root - INFO - 日志[info]2024-10-09 14:26:53 返回状态码有误 200.0, 401
2024-10-09 14:26:53,898- root - INFO - 日志[info]2024-10-09 14:26:53 返回状态码有误 200.0, 401
2024-10-09 14:26:53,944- root - INFO - 日志[info]2024-10-09 14:26:53 返回状态码有误 200.0, 401
2024-10-09 14:26:54,015- root - INFO - 日志[info]2024-10-09 14:26:54 返回状态码有误 200.0, 401
2024-10-09 14:26:54,065- root - INFO - 日志[info]2024-10-09 14:26:54 返回状态码有误 200.0, 401
2024-10-09 14:26:54,135- root - INFO - 日志[info]2024-10-09 14:26:54 返回状态码有误 200.0, 401
2024-10-09 14:26:54,179- root - INFO - 日志[info]2024-10-09 14:26:54 返回状态码有误 200.0, 401
2024-10-09 14:26:54,229- root - INFO - 日志[info]2024-10-09 14:26:54 返回状态码有误 200.0, 401
2024-10-09 14:26:54,277- root - INFO - 日志[info]2024-10-09 14:26:54 返回状态码有误 200.0, 401
2024-10-09 14:26:54,359- root - INFO - 日志[info]2024-10-09 14:26:54 返回状态码有误 200.0, 401
2024-10-09 14:26:54,403- root - INFO - 日志[info]2024-10-09 14:26:54 返回状态码有误 200.0, 401
2024-10-09 14:26:54,446- root - INFO - 日志[info]2024-10-09 14:26:54 返回状态码有误 200.0, 401
2024-10-09 14:26:54,504- root - INFO - 日志[info]2024-10-09 14:26:54 返回状态码有误 200.0, 401
2024-10-09 14:26:54,570- root - INFO - 日志[info]2024-10-09 14:26:54 返回状态码有误 200.0, 401
2024-10-09 14:26:54,620- root - INFO - 日志[info]2024-10-09 14:26:54 返回状态码有误 200.0, 401
2024-10-09 14:26:54,666- root - INFO - 日志[info]2024-10-09 14:26:54 返回状态码有误 200.0, 401
2024-10-09 14:26:54,713- root - INFO - 日志[info]2024-10-09 14:26:54 返回状态码有误 200.0, 401
2024-10-09 14:26:54,759- root - INFO - 日志[info]2024-10-09 14:26:54 返回状态码有误 200.0, 401
2024-10-09 14:26:54,812- root - INFO - 日志[info]2024-10-09 14:26:54 返回状态码有误 200.0, 401
2024-10-09 14:26:54,865- root - INFO - 日志[info]2024-10-09 14:26:54 返回状态码有误 200.0, 401
2024-10-09 14:26:54,923- root - INFO - 日志[info]2024-10-09 14:26:54 返回状态码有误 200.0, 401
2024-10-09 14:26:55,054- root - INFO - 日志[info]2024-10-09 14:26:55 返回状态码有误 200.0, 401
2024-10-09 14:26:55,127- root - INFO - 日志[info]2024-10-09 14:26:55 返回状态码有误 200.0, 401
2024-10-09 14:26:55,204- root - INFO - 日志[info]2024-10-09 14:26:55 返回状态码有误 200.0, 401
2024-10-09 14:26:55,263- root - INFO - 日志[info]2024-10-09 14:26:55 返回状态码有误 200.0, 401
2024-10-09 14:26:55,307- root - INFO - 日志[info]2024-10-09 14:26:55 返回状态码有误 200.0, 401
2024-10-09 14:26:55,359- root - INFO - 日志[info]2024-10-09 14:26:55 返回状态码有误 200.0, 401
2024-10-09 14:26:55,406- root - INFO - 日志[info]2024-10-09 14:26:55 返回状态码有误 200.0, 401
2024-10-09 14:26:55,449- root - INFO - 日志[info]2024-10-09 14:26:55 返回状态码有误 200.0, 401
2024-10-09 14:26:55,505- root - INFO - 日志[info]2024-10-09 14:26:55 返回状态码有误 200.0, 401
2024-10-09 14:26:55,551- root - INFO - 日志[info]2024-10-09 14:26:55 返回状态码有误 200.0, 401
2024-10-09 14:26:55,605- root - INFO - 日志[info]2024-10-09 14:26:55 返回状态码有误 200.0, 401
2024-10-09 14:26:55,651- root - INFO - 日志[info]2024-10-09 14:26:55 返回状态码有误 200.0, 401
2024-10-09 14:26:55,700- root - INFO - 日志[info]2024-10-09 14:26:55 返回状态码有误 200.0, 401
2024-10-09 14:26:55,743- root - INFO - 日志[info]2024-10-09 14:26:55 返回状态码有误 200.0, 401
2024-10-09 14:26:55,789- root - INFO - 日志[info]2024-10-09 14:26:55 返回状态码有误 200.0, 401
2024-10-09 14:26:55,834- root - INFO - 日志[info]2024-10-09 14:26:55 返回状态码有误 200.0, 401
2024-10-09 14:26:55,882- root - INFO - 日志[info]2024-10-09 14:26:55 返回状态码有误 200.0, 401
2024-10-09 14:26:56,036- root - INFO - 日志[info]2024-10-09 14:26:56 返回状态码有误 200.0, 401
2024-10-09 14:26:56,115- root - INFO - 日志[info]2024-10-09 14:26:56 返回状态码有误 200.0, 401
2024-10-09 14:26:56,162- root - INFO - 日志[info]2024-10-09 14:26:56 返回状态码有误 200.0, 401
2024-10-09 14:26:56,229- root - INFO - 日志[info]2024-10-09 14:26:56 返回状态码有误 200.0, 401
2024-10-09 14:26:56,280- root - INFO - 日志[info]2024-10-09 14:26:56 返回状态码有误 200.0, 401
2024-10-09 14:26:56,320- root - INFO - 日志[info]2024-10-09 14:26:56 返回状态码有误 200.0, 401
2024-10-09 14:26:56,366- root - INFO - 日志[info]2024-10-09 14:26:56 返回状态码有误 200.0, 401
2024-10-09 14:26:56,419- root - INFO - 日志[info]2024-10-09 14:26:56 返回状态码有误 200.0, 401
2024-10-09 14:26:56,493- root - INFO - 日志[info]2024-10-09 14:26:56 返回状态码有误 200.0, 401
2024-10-09 14:26:56,548- root - INFO - 日志[info]2024-10-09 14:26:56 返回状态码有误 200.0, 401
2024-10-09 14:26:56,611- root - INFO - 日志[info]2024-10-09 14:26:56 返回状态码有误 200.0, 401
2024-10-09 14:26:56,691- root - INFO - 日志[info]2024-10-09 14:26:56 返回状态码有误 200.0, 401
2024-10-09 14:26:56,740- root - INFO - 日志[info]2024-10-09 14:26:56 返回状态码有误 200.0, 401
2024-10-09 14:26:56,781- root - INFO - 日志[info]2024-10-09 14:26:56 返回状态码有误 200.0, 401
2024-10-09 14:26:56,832- root - INFO - 日志[info]2024-10-09 14:26:56 返回状态码有误 200.0, 401
2024-10-09 14:26:56,893- root - INFO - 日志[info]2024-10-09 14:26:56 返回状态码有误 200.0, 401
2024-10-09 14:26:56,944- root - INFO - 日志[info]2024-10-09 14:26:56 返回状态码有误 200.0, 401
2024-10-09 14:26:57,007- root - INFO - 日志[info]2024-10-09 14:26:57 返回状态码有误 200.0, 401
2024-10-09 14:26:57,049- root - INFO - 日志[info]2024-10-09 14:26:57 返回状态码有误 200.0, 401
2024-10-09 14:26:57,120- root - INFO - 日志[info]2024-10-09 14:26:57 返回状态码有误 200.0, 401
2024-10-09 14:26:57,164- root - INFO - 日志[info]2024-10-09 14:26:57 返回状态码有误 200.0, 401
2024-10-09 14:26:57,221- root - INFO - 日志[info]2024-10-09 14:26:57 返回状态码有误 200.0, 401
2024-10-09 14:26:57,394- root - INFO - 日志[info]2024-10-09 14:26:57 返回状态码有误 200.0, 401
2024-10-09 14:26:57,445- root - INFO - 日志[info]2024-10-09 14:26:57 返回状态码有误 200.0, 401
2024-10-09 14:26:57,504- root - INFO - 日志[info]2024-10-09 14:26:57 返回状态码有误 200.0, 401
2024-10-09 14:26:57,578- root - INFO - 日志[info]2024-10-09 14:26:57 返回状态码有误 200.0, 401
2024-10-09 14:26:57,641- root - INFO - 日志[info]2024-10-09 14:26:57 返回状态码有误 200.0, 401
2024-10-09 14:26:57,702- root - INFO - 日志[info]2024-10-09 14:26:57 返回状态码有误 200.0, 401
2024-10-09 14:26:57,762- root - INFO - 日志[info]2024-10-09 14:26:57 返回状态码有误 200.0, 401
2024-10-09 14:26:57,817- root - INFO - 日志[info]2024-10-09 14:26:57 返回状态码有误 200.0, 401
2024-10-09 14:26:57,866- root - INFO - 日志[info]2024-10-09 14:26:57 返回状态码有误 200.0, 401
2024-10-09 14:26:57,929- root - INFO - 日志[info]2024-10-09 14:26:57 返回状态码有误 200.0, 401
2024-10-09 14:26:57,979- root - INFO - 日志[info]2024-10-09 14:26:57 返回状态码有误 500.0, 401
2024-10-09 14:26:58,030- root - INFO - 日志[info]2024-10-09 14:26:58 返回状态码有误 200.0, 401
2024-10-09 14:26:58,073- root - INFO - 日志[info]2024-10-09 14:26:58 返回状态码有误 200.0, 401
2024-10-09 14:26:58,135- root - INFO - 日志[info]2024-10-09 14:26:58 返回状态码有误 200.0, 401
2024-10-09 14:26:58,268- root - INFO - 日志[info]2024-10-09 14:26:58 返回状态码有误 200.0, 401
2024-10-09 14:26:58,314- root - INFO - 日志[info]2024-10-09 14:26:58 返回状态码有误 200.0, 401
2024-10-09 14:26:58,365- root - INFO - 日志[info]2024-10-09 14:26:58 返回状态码有误 200.0, 401
2024-10-09 14:26:58,415- root - INFO - 日志[info]2024-10-09 14:26:58 返回状态码有误 200.0, 401
2024-10-09 14:26:58,490- root - INFO - 日志[info]2024-10-09 14:26:58 返回状态码有误 200.0, 401
2024-10-09 14:26:58,539- root - INFO - 日志[info]2024-10-09 14:26:58 返回状态码有误 200.0, 401
2024-10-09 14:26:58,580- root - INFO - 日志[info]2024-10-09 14:26:58 返回状态码有误 200.0, 401
2024-10-09 14:26:58,642- root - INFO - 日志[info]2024-10-09 14:26:58 返回状态码有误 200.0, 401
2024-10-09 14:26:58,683- root - INFO - 日志[info]2024-10-09 14:26:58 返回状态码有误 200.0, 401
2024-10-09 14:26:58,730- root - INFO - 日志[info]2024-10-09 14:26:58 返回状态码有误 200.0, 401
2024-10-09 14:26:58,775- root - INFO - 日志[info]2024-10-09 14:26:58 返回状态码有误 200.0, 401
2024-10-09 14:26:58,816- root - INFO - 日志[info]2024-10-09 14:26:58 返回状态码有误 200.0, 401
2024-10-09 14:26:58,860- root - INFO - 日志[info]2024-10-09 14:26:58 返回状态码有误 200.0, 401
2024-10-09 14:26:58,914- root - INFO - 日志[info]2024-10-09 14:26:58 返回状态码有误 200.0, 401
2024-10-09 14:26:58,999- root - INFO - 日志[info]2024-10-09 14:26:58 返回状态码有误 200.0, 401
2024-10-09 14:26:59,048- root - INFO - 日志[info]2024-10-09 14:26:59 返回状态码有误 200.0, 401
2024-10-09 14:26:59,091- root - INFO - 日志[info]2024-10-09 14:26:59 返回状态码有误 200.0, 401
2024-10-09 14:26:59,130- root - INFO - 日志[info]2024-10-09 14:26:59 返回状态码有误 200.0, 401
2024-10-09 14:26:59,180- root - INFO - 日志[info]2024-10-09 14:26:59 返回状态码有误 200.0, 401
2024-10-09 14:26:59,222- root - INFO - 日志[info]2024-10-09 14:26:59 返回状态码有误 200.0, 401
2024-10-09 14:26:59,270- root - INFO - 日志[info]2024-10-09 14:26:59 返回状态码有误 200.0, 401
2024-10-09 14:26:59,314- root - INFO - 日志[info]2024-10-09 14:26:59 返回状态码有误 200.0, 401
2024-10-09 14:26:59,361- root - INFO - 日志[info]2024-10-09 14:26:59 返回状态码有误 200.0, 401
2024-10-09 14:26:59,488- root - INFO - 日志[info]2024-10-09 14:26:59 返回状态码有误 200.0, 401
2024-10-09 14:26:59,538- root - INFO - 日志[info]2024-10-09 14:26:59 返回状态码有误 200.0, 401
2024-10-09 14:26:59,582- root - INFO - 日志[info]2024-10-09 14:26:59 返回状态码有误 200.0, 401
2024-10-09 14:26:59,637- root - INFO - 日志[info]2024-10-09 14:26:59 返回状态码有误 200.0, 401
2024-10-09 14:26:59,692- root - INFO - 日志[info]2024-10-09 14:26:59 返回状态码有误 200.0, 401
2024-10-09 14:26:59,737- root - INFO - 日志[info]2024-10-09 14:26:59 返回状态码有误 200.0, 401
2024-10-09 14:26:59,788- root - INFO - 日志[info]2024-10-09 14:26:59 返回状态码有误 200.0, 401
2024-10-09 14:26:59,840- root - INFO - 日志[info]2024-10-09 14:26:59 返回状态码有误 200.0, 401
2024-10-09 14:26:59,895- root - INFO - 日志[info]2024-10-09 14:26:59 返回状态码有误 200.0, 401
2024-10-09 14:26:59,937- root - INFO - 日志[info]2024-10-09 14:26:59 返回状态码有误 200.0, 401
2024-10-09 14:26:59,990- root - INFO - 日志[info]2024-10-09 14:26:59 返回状态码有误 200.0, 401
2024-10-09 14:27:00,080- root - INFO - 日志[info]2024-10-09 14:27:00 返回状态码有误 200.0, 401
2024-10-09 14:27:00,143- root - INFO - 日志[info]2024-10-09 14:27:00 返回状态码有误 200.0, 401
2024-10-09 14:27:00,193- root - INFO - 日志[info]2024-10-09 14:27:00 返回状态码有误 200.0, 401
2024-10-09 14:27:00,239- root - INFO - 日志[info]2024-10-09 14:27:00 返回状态码有误 200.0, 401
2024-10-09 14:27:00,311- root - INFO - 日志[info]2024-10-09 14:27:00 返回状态码有误 200.0, 401
2024-10-09 14:27:00,362- root - INFO - 日志[info]2024-10-09 14:27:00 返回状态码有误 200.0, 401
2024-10-09 14:31:33,432- root - INFO - 日志[info]2024-10-09 14:31:33 返回状态码有误 200.0, 400
2024-10-09 14:31:36,974- root - INFO - 日志[info]2024-10-09 14:31:36 返回状态码有误 200.0, 404
2024-10-09 14:31:37,111- root - INFO - 日志[info]2024-10-09 14:31:37 返回状态码有误 200.0, 400
2024-10-09 14:31:37,216- root - INFO - 日志[info]2024-10-09 14:31:37 返回状态码有误 200.0, 404
2024-10-09 14:31:37,276- root - INFO - 日志[info]2024-10-09 14:31:37 返回状态码有误 200.0, 404
2024-10-09 14:31:37,342- root - INFO - 日志[info]2024-10-09 14:31:37 返回状态码有误 200.0, 404
2024-10-09 14:31:37,459- root - INFO - 日志[info]2024-10-09 14:31:37 返回状态码有误 200.0, 404
2024-10-09 14:31:37,573- root - INFO - 日志[info]2024-10-09 14:31:37 返回状态码有误 200.0, 404
2024-10-09 14:31:37,621- root - INFO - 日志[info]2024-10-09 14:31:37 返回状态码有误 200.0, 404
2024-10-09 14:31:59,208- root - INFO - 日志[info]2024-10-09 14:31:59 返回内容错误："success":false
2024-10-09 14:31:59,301- root - INFO - 日志[info]2024-10-09 14:31:59 返回内容错误："retmsg":"操作成功"
2024-10-09 14:31:59,401- root - INFO - 日志[info]2024-10-09 14:31:59 返回内容错误："retmsg":"操作成功"
2024-10-09 14:32:02,838- root - INFO - 日志[info]2024-10-09 14:32:02 返回内容错误："empName":"刘珂珂1"
2024-10-09 14:32:03,208- root - INFO - 日志[info]2024-10-09 14:32:03 返回内容错误："empName":"刘珂珂1"
2024-10-09 14:32:13,587- root - INFO - 日志[info]2024-10-09 14:32:13 返回状态码有误 200.0, 400
2024-10-09 14:32:33,696- root - INFO - 日志[info]2024-10-09 14:32:33 返回内容错误："retmsg":"操作成功"
2024-10-09 14:33:40,181- root - INFO - 日志[info]2024-10-09 14:33:40 返回内容错误：retmsg":"操作成功"
2024-10-29 14:19:22,094- root - INFO - 日志[info]2024-10-29 14:19:22 返回状态码有误 200.0, 400
2024-10-29 14:19:26,385- root - INFO - 日志[info]2024-10-29 14:19:26 返回状态码有误 200.0, 404
2024-10-29 14:19:26,508- root - INFO - 日志[info]2024-10-29 14:19:26 返回状态码有误 200.0, 400
2024-10-29 14:19:26,610- root - INFO - 日志[info]2024-10-29 14:19:26 返回状态码有误 200.0, 404
2024-10-29 14:19:26,692- root - INFO - 日志[info]2024-10-29 14:19:26 返回状态码有误 200.0, 404
2024-10-29 14:19:26,752- root - INFO - 日志[info]2024-10-29 14:19:26 返回状态码有误 200.0, 404
2024-10-29 14:19:26,851- root - INFO - 日志[info]2024-10-29 14:19:26 返回状态码有误 200.0, 404
2024-10-29 14:19:26,974- root - INFO - 日志[info]2024-10-29 14:19:26 返回状态码有误 200.0, 404
2024-10-29 14:19:27,027- root - INFO - 日志[info]2024-10-29 14:19:27 返回状态码有误 200.0, 404
2024-10-29 14:19:50,996- root - INFO - 日志[info]2024-10-29 14:19:50 返回内容错误："success":false
2024-10-29 14:19:51,099- root - INFO - 日志[info]2024-10-29 14:19:51 返回内容错误："retmsg":"操作成功"
2024-10-29 14:19:51,197- root - INFO - 日志[info]2024-10-29 14:19:51 返回内容错误："retmsg":"操作成功"
2024-10-29 14:19:54,499- root - INFO - 日志[info]2024-10-29 14:19:54 返回内容错误："empName":"刘珂珂1"
2024-10-29 14:19:54,882- root - INFO - 日志[info]2024-10-29 14:19:54 返回内容错误："empName":"刘珂珂1"
2024-10-29 14:20:05,100- root - INFO - 日志[info]2024-10-29 14:20:05 返回状态码有误 200.0, 400
2024-10-29 14:20:23,011- root - INFO - 日志[info]2024-10-29 14:20:23 返回内容错误："retmsg":"操作成功"
2024-10-29 14:21:45,270- root - INFO - 日志[info]2024-10-29 14:21:45 返回内容错误：retmsg":"操作成功"
